../Drivers/SIM800x/Src/SIM800x.c:30:9:SIM800_ConfigHW	24	static
../Drivers/SIM800x/Src/SIM800x.c:50:9:SIM800_Default_ConfigHW	16	static
../Drivers/SIM800x/Src/SIM800x.c:70:9:SIM800_Init	16	static
../Drivers/SIM800x/Src/SIM800x.c:124:13:send_Test_Read_AT_CMD	16	static
../Drivers/SIM800x/Src/SIM800x.c:139:13:send_Write_Execution_AT_CMD	16	static
../Drivers/SIM800x/Src/SIM800x.c:156:9:check_Network_Registration	16	static
../Drivers/SIM800x/Src/SIM800x.c:180:9:send_SMS	40	static
../Drivers/SIM800x/Src/SIM800x.c:234:9:list_Received_SMS_	24	static
../Drivers/SIM800x/Src/SIM800x.c:257:9:delete_SMS	24	static
../Drivers/SIM800x/Src/SIM800x.c:284:9:call	48	static
../Drivers/SIM800x/Src/SIM800x.c:314:9:endCall	16	static
../Drivers/SIM800x/Src/SIM800x.c:337:9:check_GPRS_Connection	16	static
../Drivers/SIM800x/Src/SIM800x.c:362:9:disable_GPRS_PDP_Context	16	static
../Drivers/SIM800x/Src/SIM800x.c:388:9:set_Application_Mode_TCPUDP	24	static
../Drivers/SIM800x/Src/SIM800x.c:419:9:setAPN	40	static
../Drivers/SIM800x/Src/SIM800x.c:448:9:bring_Up_Wireless_Connection	16	static
../Drivers/SIM800x/Src/SIM800x.c:478:9:start_Up_TCPUDP_Connection	96	static
../Drivers/SIM800x/Src/SIM800x.c:512:9:close_TCPUDP_Connection	16	static
../Drivers/SIM800x/Src/SIM800x.c:536:9:send_Data_TCPUDP	280	static
../Drivers/SIM800x/Src/SIM800x.c:580:6:enable_AT_CMD_In_Transparent_Mode	16	static
../Drivers/SIM800x/Src/SIM800x.c:596:13:read_Response_SIM	24	static
../Drivers/SIM800x/Src/SIM800x.c:636:13:read_Response_AT_Command_CIPSTART	24	static
../Drivers/SIM800x/Src/SIM800x.c:670:6:SIM800_On	8	static
../Drivers/SIM800x/Src/SIM800x.c:681:6:SIM800_Off	8	static
../Drivers/SIM800x/Src/SIM800x.c:692:6:SIM800_restart	8	static
