Archive member included to satisfy reference by file (symbol)

c:/st/stm32cubeide_1.10.1/stm32cubeide/plugins/com.st.stm32cube.ide.mcu.externaltools.gnu-tools-for-stm32.10.3-2021.10.win32_1.0.0.202111181127/tools/bin/../lib/gcc/arm-none-eabi/10.3.1/../../../../arm-none-eabi/lib/thumb/v7e-m+fp/hard\libc_nano.a(lib_a-errno.o)
                              ./Drivers/Core/Src/syscalls.o (__errno)
c:/st/stm32cubeide_1.10.1/stm32cubeide/plugins/com.st.stm32cube.ide.mcu.externaltools.gnu-tools-for-stm32.10.3-2021.10.win32_1.0.0.202111181127/tools/bin/../lib/gcc/arm-none-eabi/10.3.1/../../../../arm-none-eabi/lib/thumb/v7e-m+fp/hard\libc_nano.a(lib_a-exit.o)
                              c:/st/stm32cubeide_1.10.1/stm32cubeide/plugins/com.st.stm32cube.ide.mcu.externaltools.gnu-tools-for-stm32.10.3-2021.10.win32_1.0.0.202111181127/tools/bin/../lib/gcc/arm-none-eabi/10.3.1/../../../../arm-none-eabi/lib/thumb/v7e-m+fp/hard/crt0.o (exit)
c:/st/stm32cubeide_1.10.1/stm32cubeide/plugins/com.st.stm32cube.ide.mcu.externaltools.gnu-tools-for-stm32.10.3-2021.10.win32_1.0.0.202111181127/tools/bin/../lib/gcc/arm-none-eabi/10.3.1/../../../../arm-none-eabi/lib/thumb/v7e-m+fp/hard\libc_nano.a(lib_a-impure.o)
                              c:/st/stm32cubeide_1.10.1/stm32cubeide/plugins/com.st.stm32cube.ide.mcu.externaltools.gnu-tools-for-stm32.10.3-2021.10.win32_1.0.0.202111181127/tools/bin/../lib/gcc/arm-none-eabi/10.3.1/../../../../arm-none-eabi/lib/thumb/v7e-m+fp/hard\libc_nano.a(lib_a-exit.o) (_global_impure_ptr)
c:/st/stm32cubeide_1.10.1/stm32cubeide/plugins/com.st.stm32cube.ide.mcu.externaltools.gnu-tools-for-stm32.10.3-2021.10.win32_1.0.0.202111181127/tools/bin/../lib/gcc/arm-none-eabi/10.3.1/../../../../arm-none-eabi/lib/thumb/v7e-m+fp/hard\libc_nano.a(lib_a-init.o)
                              c:/st/stm32cubeide_1.10.1/stm32cubeide/plugins/com.st.stm32cube.ide.mcu.externaltools.gnu-tools-for-stm32.10.3-2021.10.win32_1.0.0.202111181127/tools/bin/../lib/gcc/arm-none-eabi/10.3.1/../../../../arm-none-eabi/lib/thumb/v7e-m+fp/hard/crt0.o (__libc_init_array)
c:/st/stm32cubeide_1.10.1/stm32cubeide/plugins/com.st.stm32cube.ide.mcu.externaltools.gnu-tools-for-stm32.10.3-2021.10.win32_1.0.0.202111181127/tools/bin/../lib/gcc/arm-none-eabi/10.3.1/../../../../arm-none-eabi/lib/thumb/v7e-m+fp/hard\libc_nano.a(lib_a-memset.o)
                              c:/st/stm32cubeide_1.10.1/stm32cubeide/plugins/com.st.stm32cube.ide.mcu.externaltools.gnu-tools-for-stm32.10.3-2021.10.win32_1.0.0.202111181127/tools/bin/../lib/gcc/arm-none-eabi/10.3.1/../../../../arm-none-eabi/lib/thumb/v7e-m+fp/hard/crt0.o (memset)
c:/st/stm32cubeide_1.10.1/stm32cubeide/plugins/com.st.stm32cube.ide.mcu.externaltools.gnu-tools-for-stm32.10.3-2021.10.win32_1.0.0.202111181127/tools/bin/../lib/gcc/arm-none-eabi/10.3.1/../../../../arm-none-eabi/lib/thumb/v7e-m+fp/hard\libc_nano.a(lib_a-sprintf.o)
                              ./Drivers/SIM800x/Src/SIM800x.o (sprintf)
c:/st/stm32cubeide_1.10.1/stm32cubeide/plugins/com.st.stm32cube.ide.mcu.externaltools.gnu-tools-for-stm32.10.3-2021.10.win32_1.0.0.202111181127/tools/bin/../lib/gcc/arm-none-eabi/10.3.1/../../../../arm-none-eabi/lib/thumb/v7e-m+fp/hard\libc_nano.a(lib_a-strlen.o)
                              ./Drivers/SIM800x/Src/SIM800x.o (strlen)
c:/st/stm32cubeide_1.10.1/stm32cubeide/plugins/com.st.stm32cube.ide.mcu.externaltools.gnu-tools-for-stm32.10.3-2021.10.win32_1.0.0.202111181127/tools/bin/../lib/gcc/arm-none-eabi/10.3.1/../../../../arm-none-eabi/lib/thumb/v7e-m+fp/hard\libc_nano.a(lib_a-strstr.o)
                              ./Drivers/SIM800x/Src/SIM800x.o (strstr)
c:/st/stm32cubeide_1.10.1/stm32cubeide/plugins/com.st.stm32cube.ide.mcu.externaltools.gnu-tools-for-stm32.10.3-2021.10.win32_1.0.0.202111181127/tools/bin/../lib/gcc/arm-none-eabi/10.3.1/../../../../arm-none-eabi/lib/thumb/v7e-m+fp/hard\libc_nano.a(lib_a-nano-svfprintf.o)
                              c:/st/stm32cubeide_1.10.1/stm32cubeide/plugins/com.st.stm32cube.ide.mcu.externaltools.gnu-tools-for-stm32.10.3-2021.10.win32_1.0.0.202111181127/tools/bin/../lib/gcc/arm-none-eabi/10.3.1/../../../../arm-none-eabi/lib/thumb/v7e-m+fp/hard\libc_nano.a(lib_a-sprintf.o) (_svfprintf_r)
c:/st/stm32cubeide_1.10.1/stm32cubeide/plugins/com.st.stm32cube.ide.mcu.externaltools.gnu-tools-for-stm32.10.3-2021.10.win32_1.0.0.202111181127/tools/bin/../lib/gcc/arm-none-eabi/10.3.1/../../../../arm-none-eabi/lib/thumb/v7e-m+fp/hard\libc_nano.a(lib_a-nano-vfprintf_i.o)
                              c:/st/stm32cubeide_1.10.1/stm32cubeide/plugins/com.st.stm32cube.ide.mcu.externaltools.gnu-tools-for-stm32.10.3-2021.10.win32_1.0.0.202111181127/tools/bin/../lib/gcc/arm-none-eabi/10.3.1/../../../../arm-none-eabi/lib/thumb/v7e-m+fp/hard\libc_nano.a(lib_a-nano-svfprintf.o) (_printf_i)
[...]
Memory Configuration

Name             Origin             Length             Attributes
RAM              0x0000000020000000 0x0000000000020000 xrw
FLASH            0x0000000008000000 0x0000000000080000 xr
*default*        0x0000000000000000 0xffffffffffffffff

Linker script and memory map

LOAD c:/st/stm32cubeide_1.10.1/stm32cubeide/plugins/com.st.stm32cube.ide.mcu.externaltools.gnu-tools-for-stm32.10.3-2021.10.win32_1.0.0.202111181127/tools/bin/../lib/gcc/arm-none-eabi/10.3.1/thumb/v7e-m+fp/hard/crti.o
LOAD c:/st/stm32cubeide_1.10.1/stm32cubeide/plugins/com.st.stm32cube.ide.mcu.externaltools.gnu-tools-for-stm32.10.3-2021.10.win32_1.0.0.202111181127/tools/bin/../lib/gcc/arm-none-eabi/10.3.1/thumb/v7e-m+fp/hard/crtbegin.o
LOAD c:/st/stm32cubeide_1.10.1/stm32cubeide/plugins/com.st.stm32cube.ide.mcu.externaltools.gnu-tools-for-stm32.10.3-2021.10.win32_1.0.0.202111181127/tools/bin/../lib/gcc/arm-none-eabi/10.3.1/../../../../arm-none-eabi/lib/thumb/v7e-m+fp/hard/crt0.o
LOAD ./Drivers/API/Src/API_Debounce.o
LOAD ./Drivers/API/Src/API_DelayNB.o
LOAD ./Drivers/BSP/STM32F4xx_BlackPill/Src/stm32f4xx_BlackPill.o
LOAD ./Drivers/CMSIS/system_stm32f4xx.o
LOAD ./Drivers/Core/Src/stm32f4xx_it.o
LOAD ./Drivers/Core/Src/syscalls.o
LOAD ./Drivers/Core/Src/sysmem.o
LOAD ./Drivers/SIM800x/Src/SIM800x.o
LOAD ./Drivers/SIM800x/Src/port.o
LOAD ./Drivers/STM32F4xx_HAL_Driver/Src/stm32f4xx_hal.o
LOAD ./Drivers/STM32F4xx_HAL_Driver/Src/stm32f4xx_hal_cortex.o
LOAD ./Drivers/STM32F4xx_HAL_Driver/Src/stm32f4xx_hal_dma.o
LOAD ./Drivers/STM32F4xx_HAL_Driver/Src/stm32f4xx_hal_dma_ex.o
LOAD ./Drivers/STM32F4xx_HAL_Driver/Src/stm32f4xx_hal_exti.o
LOAD ./Drivers/STM32F4xx_HAL_Driver/Src/stm32f4xx_hal_flash.o
LOAD ./Drivers/STM32F4xx_HAL_Driver/Src/stm32f4xx_hal_flash_ex.o
LOAD ./Drivers/STM32F4xx_HAL_Driver/Src/stm32f4xx_hal_flash_ramfunc.o
LOAD ./Drivers/STM32F4xx_HAL_Driver/Src/stm32f4xx_hal_gpio.o
LOAD ./Drivers/STM32F4xx_HAL_Driver/Src/stm32f4xx_hal_msp.o
LOAD ./Drivers/STM32F4xx_HAL_Driver/Src/stm32f4xx_hal_pwr.o
LOAD ./Drivers/STM32F4xx_HAL_Driver/Src/stm32f4xx_hal_pwr_ex.o
LOAD ./Drivers/STM32F4xx_HAL_Driver/Src/stm32f4xx_hal_rcc.o
LOAD ./Drivers/STM32F4xx_HAL_Driver/Src/stm32f4xx_hal_rcc_ex.o
LOAD ./Drivers/STM32F4xx_HAL_Driver/Src/stm32f4xx_hal_tim.o
LOAD ./Drivers/STM32F4xx_HAL_Driver/Src/stm32f4xx_hal_tim_ex.o
LOAD ./Drivers/STM32F4xx_HAL_Driver/Src/stm32f4xx_hal_uart.o
LOAD ./Src/main.o
LOAD ./Startup/startup_stm32f411ceux.o
START GROUP
LOAD c:/st/stm32cubeide_1.10.1/stm32cubeide/plugins/com.st.stm32cube.ide.mcu.externaltools.gnu-tools-for-stm32.10.3-2021.10.win32_1.0.0.202111181127/tools/bin/../lib/gcc/arm-none-eabi/10.3.1/../../../../arm-none-eabi/lib/thumb/v7e-m+fp/hard\libc_nano.a
LOAD c:/st/stm32cubeide_1.10.1/stm32cubeide/plugins/com.st.stm32cube.ide.mcu.externaltools.gnu-tools-for-stm32.10.3-2021.10.win32_1.0.0.202111181127/tools/bin/../lib/gcc/arm-none-eabi/10.3.1/../../../../arm-none-eabi/lib/thumb/v7e-m+fp/hard\libm.a
END GROUP
START GROUP
LOAD c:/st/stm32cubeide_1.10.1/stm32cubeide/plugins/com.st.stm32cube.ide.mcu.externaltools.gnu-tools-for-stm32.10.3-2021.10.win32_1.0.0.202111181127/tools/bin/../lib/gcc/arm-none-eabi/10.3.1/thumb/v7e-m+fp/hard\libgcc.a
LOAD c:/st/stm32cubeide_1.10.1/stm32cubeide/plugins/com.st.stm32cube.ide.mcu.externaltools.gnu-tools-for-stm32.10.3-2021.10.win32_1.0.0.202111181127/tools/bin/../lib/gcc/arm-none-eabi/10.3.1/../../../../arm-none-eabi/lib/thumb/v7e-m+fp/hard\libc_nano.a
END GROUP
START GROUP
LOAD c:/st/stm32cubeide_1.10.1/stm32cubeide/plugins/com.st.stm32cube.ide.mcu.externaltools.gnu-tools-for-stm32.10.3-2021.10.win32_1.0.0.202111181127/tools/bin/../lib/gcc/arm-none-eabi/10.3.1/thumb/v7e-m+fp/hard\libgcc.a
LOAD c:/st/stm32cubeide_1.10.1/stm32cubeide/plugins/com.st.stm32cube.ide.mcu.externaltools.gnu-tools-for-stm32.10.3-2021.10.win32_1.0.0.202111181127/tools/bin/../lib/gcc/arm-none-eabi/10.3.1/../../../../arm-none-eabi/lib/thumb/v7e-m+fp/hard\libc_nano.a
LOAD c:/st/stm32cubeide_1.10.1/stm32cubeide/plugins/com.st.stm32cube.ide.mcu.externaltools.gnu-tools-for-stm32.10.3-2021.10.win32_1.0.0.202111181127/tools/bin/../lib/gcc/arm-none-eabi/10.3.1/../../../../arm-none-eabi/lib/thumb/v7e-m+fp/hard\libnosys.a
END GROUP
START GROUP
LOAD c:/st/stm32cubeide_1.10.1/stm32cubeide/plugins/com.st.stm32cube.ide.mcu.externaltools.gnu-tools-for-stm32.10.3-2021.10.win32_1.0.0.202111181127/tools/bin/../lib/gcc/arm-none-eabi/10.3.1/thumb/v7e-m+fp/hard\libgcc.a
LOAD c:/st/stm32cubeide_1.10.1/stm32cubeide/plugins/com.st.stm32cube.ide.mcu.externaltools.gnu-tools-for-stm32.10.3-2021.10.win32_1.0.0.202111181127/tools/bin/../lib/gcc/arm-none-eabi/10.3.1/../../../../arm-none-eabi/lib/thumb/v7e-m+fp/hard\libc_nano.a
LOAD c:/st/stm32cubeide_1.10.1/stm32cubeide/plugins/com.st.stm32cube.ide.mcu.externaltools.gnu-tools-for-stm32.10.3-2021.10.win32_1.0.0.202111181127/tools/bin/../lib/gcc/arm-none-eabi/10.3.1/../../../../arm-none-eabi/lib/thumb/v7e-m+fp/hard\libnosys.a
END GROUP
LOAD c:/st/stm32cubeide_1.10.1/stm32cubeide/plugins/com.st.stm32cube.ide.mcu.externaltools.gnu-tools-for-stm32.10.3-2021.10.win32_1.0.0.202111181127/tools/bin/../lib/gcc/arm-none-eabi/10.3.1/thumb/v7e-m+fp/hard/crtend.o
LOAD c:/st/stm32cubeide_1.10.1/stm32cubeide/plugins/com.st.stm32cube.ide.mcu.externaltools.gnu-tools-for-stm32.10.3-2021.10.win32_1.0.0.202111181127/tools/bin/../lib/gcc/arm-none-eabi/10.3.1/thumb/v7e-m+fp/hard/crtn.o
                0x0000000020020000                _estack = (ORIGIN (RAM) + LENGTH (RAM))
                0x0000000000000200                _Min_Heap_Size = 0x200
                0x0000000000000400                _Min_Stack_Size = 0x400

.isr_vector     0x0000000008000000      0x198
                0x0000000008000000                . = ALIGN (0x4)
 *(.isr_vector)
 .isr_vector    0x0000000008000000      0x198 ./Startup/startup_stm32f411ceux.o
                0x0000000008000000                g_pfnVectors
                0x0000000008000198                . = ALIGN (0x4)

.text           0x00000000080001a0     0x33ec
                0x00000000080001a0                . = ALIGN (0x4)
 *(.text)
 .text          0x00000000080001a0       0x40 c:/st/stm32cubeide_1.10.1/stm32cubeide/plugins/com.st.stm32cube.ide.mcu.externaltools.gnu-tools-for-stm32.10.3-2021.10.win32_1.0.0.202111181127/tools/bin/../lib/gcc/arm-none-eabi/10.3.1/thumb/v7e-m+fp/hard/crtbegin.o
 .text          0x00000000080001e0       0x10 c:/st/stm32cubeide_1.10.1/stm32cubeide/plugins/com.st.stm32cube.ide.mcu.externaltools.gnu-tools-for-stm32.10.3-2021.10.win32_1.0.0.202111181127/tools/bin/../lib/gcc/arm-none-eabi/10.3.1/../../../../arm-none-eabi/lib/thumb/v7e-m+fp/hard\libc_nano.a(lib_a-strlen.o)
                0x00000000080001e0                strlen
 .text          0x00000000080001f0       0xa0 c:/st/stm32cubeide_1.10.1/stm32cubeide/plugins/com.st.stm32cube.ide.mcu.externaltools.gnu-tools-for-stm32.10.3-2021.10.win32_1.0.0.202111181127/tools/bin/../lib/gcc/arm-none-eabi/10.3.1/../../../../arm-none-eabi/lib/thumb/v7e-m+fp/hard\libc_nano.a(lib_a-memchr.o)
                0x00000000080001f0                memchr
 .text          0x0000000008000290       0x30 c:/st/stm32cubeide_1.10.1/stm32cubeide/plugins/com.st.stm32cube.ide.mcu.externaltools.gnu-tools-for-stm32.10.3-2021.10.win32_1.0.0.202111181127/tools/bin/../lib/gcc/arm-none-eabi/10.3.1/thumb/v7e-m+fp/hard\libgcc.a(_aeabi_uldivmod.o)
                0x0000000008000290                __aeabi_uldivmod
 .text          0x00000000080002c0      0x2d0 c:/st/stm32cubeide_1.10.1/stm32cubeide/plugins/com.st.stm32cube.ide.mcu.externaltools.gnu-tools-for-stm32.10.3-2021.10.win32_1.0.0.202111181127/tools/bin/../lib/gcc/arm-none-eabi/10.3.1/thumb/v7e-m+fp/hard\libgcc.a(_udivmoddi4.o)
                0x00000000080002c0                __udivmoddi4
 .text          0x0000000008000590        0x4 c:/st/stm32cubeide_1.10.1/stm32cubeide/plugins/com.st.stm32cube.ide.mcu.externaltools.gnu-tools-for-stm32.10.3-2021.10.win32_1.0.0.202111181127/tools/bin/../lib/gcc/arm-none-eabi/10.3.1/thumb/v7e-m+fp/hard\libgcc.a(_dvmd_tls.o)
                0x0000000008000590                __aeabi_idiv0
                0x0000000008000590                __aeabi_ldiv0
 *(.text*)
 .text.debounceFSM_init
                0x0000000008000594       0x24 ./Drivers/API/Src/API_Debounce.o
                0x0000000008000594                debounceFSM_init
 .text.debounceFSM_update
                0x00000000080005b8       0xe4 ./Drivers/API/Src/API_Debounce.o
                0x00000000080005b8                debounceFSM_update
 .text.buttonPressed
                0x000000000800069c       0x18 ./Drivers/API/Src/API_Debounce.o
 .text.buttonReleased
                0x00000000080006b4        0xe ./Drivers/API/Src/API_Debounce.o
 *fill*         0x00000000080006c2        0x2 
 .text.readKey  0x00000000080006c4       0x30 ./Drivers/API/Src/API_Debounce.o
                0x00000000080006c4                readKey
 .text.errorFSM
                0x00000000080006f4        0xe ./Drivers/API/Src/API_Debounce.o
 .text.delayInit
                0x0000000008000702       0x38 ./Drivers/API/Src/API_DelayNB.o
                0x0000000008000702                delayInit
 .text.delayRead
                0x000000000800073a       0x54 ./Drivers/API/Src/API_DelayNB.o
                0x000000000800073a                delayRead
 *fill*         0x000000000800078e        0x2 
 .text.BSP_LED_Init
                0x0000000008000790       0x70 ./Drivers/BSP/STM32F4xx_BlackPill/Src/stm32f4xx_BlackPill.o
                0x0000000008000790                BSP_LED_Init
 .text.BSP_LED_On
                0x0000000008000800       0x2c ./Drivers/BSP/STM32F4xx_BlackPill/Src/stm32f4xx_BlackPill.o
                0x0000000008000800                BSP_LED_On
 .text.BSP_LED_Toggle
                0x000000000800082c       0x2c ./Drivers/BSP/STM32F4xx_BlackPill/Src/stm32f4xx_BlackPill.o
                0x000000000800082c                BSP_LED_Toggle
 .text.BSP_PB_Init
                0x0000000008000858       0xa8 ./Drivers/BSP/STM32F4xx_BlackPill/Src/stm32f4xx_BlackPill.o
                0x0000000008000858                BSP_PB_Init
 .text.BSP_PB_GetState
                0x0000000008000900       0x2c ./Drivers/BSP/STM32F4xx_BlackPill/Src/stm32f4xx_BlackPill.o
                0x0000000008000900                BSP_PB_GetState
 .text.SystemInit
                0x000000000800092c       0x24 ./Drivers/CMSIS/system_stm32f4xx.o
                0x000000000800092c                SystemInit
 .text.NMI_Handler
                0x0000000008000950        0x6 ./Drivers/Core/Src/stm32f4xx_it.o
                0x0000000008000950                NMI_Handler
 .text.HardFault_Handler
                0x0000000008000956        0x6 ./Drivers/Core/Src/stm32f4xx_it.o
                0x0000000008000956                HardFault_Handler
 .text.MemManage_Handler
                0x000000000800095c        0x6 ./Drivers/Core/Src/stm32f4xx_it.o
                0x000000000800095c                MemManage_Handler
 .text.BusFault_Handler
                0x0000000008000962        0x6 ./Drivers/Core/Src/stm32f4xx_it.o
                0x0000000008000962                BusFault_Handler
 .text.UsageFault_Handler
                0x0000000008000968        0x6 ./Drivers/Core/Src/stm32f4xx_it.o
                0x0000000008000968                UsageFault_Handler
 .text.SVC_Handler
                0x000000000800096e        0xe ./Drivers/Core/Src/stm32f4xx_it.o
                0x000000000800096e                SVC_Handler
 .text.DebugMon_Handler
                0x000000000800097c        0xe ./Drivers/Core/Src/stm32f4xx_it.o
                0x000000000800097c                DebugMon_Handler
 .text.PendSV_Handler
                0x000000000800098a        0xe ./Drivers/Core/Src/stm32f4xx_it.o
                0x000000000800098a                PendSV_Handler
 .text.SysTick_Handler
                0x0000000008000998        0xc ./Drivers/Core/Src/stm32f4xx_it.o
                0x0000000008000998                SysTick_Handler
 .text._sbrk    0x00000000080009a4       0x6c ./Drivers/Core/Src/sysmem.o
                0x00000000080009a4                _sbrk
 .text.SIM800_Default_ConfigHW
                0x0000000008000a10       0x22 ./Drivers/SIM800x/Src/SIM800x.o
                0x0000000008000a10                SIM800_Default_ConfigHW
 *fill*         0x0000000008000a32        0x2 
 .text.SIM800_Init
                0x0000000008000a34       0xcc ./Drivers/SIM800x/Src/SIM800x.o
                0x0000000008000a34                SIM800_Init
 .text.send_Test_Read_AT_CMD
                0x0000000008000b00       0x20 ./Drivers/SIM800x/Src/SIM800x.o
 .text.send_Write_Execution_AT_CMD
                0x0000000008000b20       0x3c ./Drivers/SIM800x/Src/SIM800x.o
 .text.check_Network_Registration
                0x0000000008000b5c       0x48 ./Drivers/SIM800x/Src/SIM800x.o
                0x0000000008000b5c                check_Network_Registration
 .text.send_SMS
                0x0000000008000ba4       0xc8 ./Drivers/SIM800x/Src/SIM800x.o
                0x0000000008000ba4                send_SMS
 .text.read_Response_SIM
                0x0000000008000c6c       0x5c ./Drivers/SIM800x/Src/SIM800x.o
 .text.SIM800_On
                0x0000000008000cc8       0x10 ./Drivers/SIM800x/Src/SIM800x.o
                0x0000000008000cc8                SIM800_On
 .text.config_Default_SIM
                0x0000000008000cd8      0x14c ./Drivers/SIM800x/Src/port.o
                0x0000000008000cd8                config_Default_SIM
 .text.power_On_SIM
                0x0000000008000e24       0x50 ./Drivers/SIM800x/Src/port.o
                0x0000000008000e24                power_On_SIM
 .text.exit_Reset_SIM
                0x0000000008000e74       0x20 ./Drivers/SIM800x/Src/port.o
                0x0000000008000e74                exit_Reset_SIM
 .text.write_Data_UART
                0x0000000008000e94       0x34 ./Drivers/SIM800x/Src/port.o
                0x0000000008000e94                write_Data_UART
 .text.read_Data_UART
                0x0000000008000ec8       0x24 ./Drivers/SIM800x/Src/port.o
                0x0000000008000ec8                read_Data_UART
 .text.HAL_Init
                0x0000000008000eec       0x44 ./Drivers/STM32F4xx_HAL_Driver/Src/stm32f4xx_hal.o
                0x0000000008000eec                HAL_Init
 .text.HAL_InitTick
                0x0000000008000f30       0x60 ./Drivers/STM32F4xx_HAL_Driver/Src/stm32f4xx_hal.o
                0x0000000008000f30                HAL_InitTick
 .text.HAL_IncTick
                0x0000000008000f90       0x28 ./Drivers/STM32F4xx_HAL_Driver/Src/stm32f4xx_hal.o
                0x0000000008000f90                HAL_IncTick
 .text.HAL_GetTick
                0x0000000008000fb8       0x18 ./Drivers/STM32F4xx_HAL_Driver/Src/stm32f4xx_hal.o
                0x0000000008000fb8                HAL_GetTick
 .text.HAL_Delay
                0x0000000008000fd0       0x48 ./Drivers/STM32F4xx_HAL_Driver/Src/stm32f4xx_hal.o
                0x0000000008000fd0                HAL_Delay
 .text.__NVIC_SetPriorityGrouping
                0x0000000008001018       0x48 ./Drivers/STM32F4xx_HAL_Driver/Src/stm32f4xx_hal_cortex.o
 .text.__NVIC_GetPriorityGrouping
                0x0000000008001060       0x1c ./Drivers/STM32F4xx_HAL_Driver/Src/stm32f4xx_hal_cortex.o
 .text.__NVIC_EnableIRQ
                0x000000000800107c       0x3c ./Drivers/STM32F4xx_HAL_Driver/Src/stm32f4xx_hal_cortex.o
 .text.__NVIC_SetPriority
                0x00000000080010b8       0x54 ./Drivers/STM32F4xx_HAL_Driver/Src/stm32f4xx_hal_cortex.o
 .text.NVIC_EncodePriority
                0x000000000800110c       0x66 ./Drivers/STM32F4xx_HAL_Driver/Src/stm32f4xx_hal_cortex.o
 *fill*         0x0000000008001172        0x2 
 .text.SysTick_Config
                0x0000000008001174       0x44 ./Drivers/STM32F4xx_HAL_Driver/Src/stm32f4xx_hal_cortex.o
 .text.HAL_NVIC_SetPriorityGrouping
                0x00000000080011b8       0x16 ./Drivers/STM32F4xx_HAL_Driver/Src/stm32f4xx_hal_cortex.o
                0x00000000080011b8                HAL_NVIC_SetPriorityGrouping
 .text.HAL_NVIC_SetPriority
                0x00000000080011ce       0x38 ./Drivers/STM32F4xx_HAL_Driver/Src/stm32f4xx_hal_cortex.o
                0x00000000080011ce                HAL_NVIC_SetPriority
 .text.HAL_NVIC_EnableIRQ
                0x0000000008001206       0x1c ./Drivers/STM32F4xx_HAL_Driver/Src/stm32f4xx_hal_cortex.o
                0x0000000008001206                HAL_NVIC_EnableIRQ
 .text.HAL_SYSTICK_Config
                0x0000000008001222       0x18 ./Drivers/STM32F4xx_HAL_Driver/Src/stm32f4xx_hal_cortex.o
                0x0000000008001222                HAL_SYSTICK_Config
 *fill*         0x000000000800123a        0x2 
 .text.HAL_GPIO_Init
                0x000000000800123c      0x308 ./Drivers/STM32F4xx_HAL_Driver/Src/stm32f4xx_hal_gpio.o
                0x000000000800123c                HAL_GPIO_Init
 .text.HAL_GPIO_ReadPin
                0x0000000008001544       0x30 ./Drivers/STM32F4xx_HAL_Driver/Src/stm32f4xx_hal_gpio.o
                0x0000000008001544                HAL_GPIO_ReadPin
 .text.HAL_GPIO_WritePin
                0x0000000008001574       0x32 ./Drivers/STM32F4xx_HAL_Driver/Src/stm32f4xx_hal_gpio.o
                0x0000000008001574                HAL_GPIO_WritePin
 .text.HAL_GPIO_TogglePin
                0x00000000080015a6       0x34 ./Drivers/STM32F4xx_HAL_Driver/Src/stm32f4xx_hal_gpio.o
                0x00000000080015a6                HAL_GPIO_TogglePin
 *fill*         0x00000000080015da        0x2 
 .text.HAL_MspInit
                0x00000000080015dc       0x50 ./Drivers/STM32F4xx_HAL_Driver/Src/stm32f4xx_hal_msp.o
                0x00000000080015dc                HAL_MspInit
 .text.HAL_UART_MspInit
                0x000000000800162c       0xf8 ./Drivers/STM32F4xx_HAL_Driver/Src/stm32f4xx_hal_msp.o
                0x000000000800162c                HAL_UART_MspInit
 .text.HAL_RCC_OscConfig
                0x0000000008001724      0x4f0 ./Drivers/STM32F4xx_HAL_Driver/Src/stm32f4xx_hal_rcc.o
                0x0000000008001724                HAL_RCC_OscConfig
 .text.HAL_RCC_ClockConfig
                0x0000000008001c14      0x1cc ./Drivers/STM32F4xx_HAL_Driver/Src/stm32f4xx_hal_rcc.o
                0x0000000008001c14                HAL_RCC_ClockConfig
 .text.HAL_RCC_GetSysClockFreq
                0x0000000008001de0      0x18c ./Drivers/STM32F4xx_HAL_Driver/Src/stm32f4xx_hal_rcc.o
                0x0000000008001de0                HAL_RCC_GetSysClockFreq
 .text.HAL_RCC_GetHCLKFreq
                0x0000000008001f6c       0x18 ./Drivers/STM32F4xx_HAL_Driver/Src/stm32f4xx_hal_rcc.o
                0x0000000008001f6c                HAL_RCC_GetHCLKFreq
 .text.HAL_RCC_GetPCLK1Freq
                0x0000000008001f84       0x28 ./Drivers/STM32F4xx_HAL_Driver/Src/stm32f4xx_hal_rcc.o
                0x0000000008001f84                HAL_RCC_GetPCLK1Freq
 .text.HAL_RCC_GetPCLK2Freq
                0x0000000008001fac       0x28 ./Drivers/STM32F4xx_HAL_Driver/Src/stm32f4xx_hal_rcc.o
                0x0000000008001fac                HAL_RCC_GetPCLK2Freq
 .text.HAL_UART_Init
                0x0000000008001fd4       0x9a ./Drivers/STM32F4xx_HAL_Driver/Src/stm32f4xx_hal_uart.o
                0x0000000008001fd4                HAL_UART_Init
 .text.HAL_UART_Transmit
                0x000000000800206e      0x124 ./Drivers/STM32F4xx_HAL_Driver/Src/stm32f4xx_hal_uart.o
                0x000000000800206e                HAL_UART_Transmit
 .text.HAL_UART_Receive
                0x0000000008002192      0x144 ./Drivers/STM32F4xx_HAL_Driver/Src/stm32f4xx_hal_uart.o
                0x0000000008002192                HAL_UART_Receive
 .text.UART_WaitOnFlagUntilTimeout
                0x00000000080022d6       0xdc ./Drivers/STM32F4xx_HAL_Driver/Src/stm32f4xx_hal_uart.o
 *fill*         0x00000000080023b2        0x2 
 .text.UART_SetConfig
                0x00000000080023b4      0x4e8 ./Drivers/STM32F4xx_HAL_Driver/Src/stm32f4xx_hal_uart.o
 .text.main     0x000000000800289c      0x144 ./Src/main.o
                0x000000000800289c                main
 .text.SystemClock_Config
                0x00000000080029e0       0xd0 ./Src/main.o
                0x00000000080029e0                SystemClock_Config
 .text.MX_USART1_UART_Init
                0x0000000008002ab0       0x54 ./Src/main.o
 .text.MX_USART2_UART_Init
                0x0000000008002b04       0x54 ./Src/main.o
 .text.MX_GPIO_Init
                0x0000000008002b58       0x50 ./Src/main.o
 .text.Error_Handler
                0x0000000008002ba8        0xa ./Src/main.o
                0x0000000008002ba8                Error_Handler
 *fill*         0x0000000008002bb2        0x2 
 .text.Reset_Handler
                0x0000000008002bb4       0x50 ./Startup/startup_stm32f411ceux.o
                0x0000000008002bb4                Reset_Handler
 .text.Default_Handler
                0x0000000008002c04        0x2 ./Startup/startup_stm32f411ceux.o
                0x0000000008002c04                RTC_Alarm_IRQHandler
                0x0000000008002c04                EXTI2_IRQHandler
                0x0000000008002c04                SPI4_IRQHandler
                0x0000000008002c04                TIM1_CC_IRQHandler
                0x0000000008002c04                DMA2_Stream5_IRQHandler
                0x0000000008002c04                DMA1_Stream5_IRQHandler
                0x0000000008002c04                PVD_IRQHandler
                0x0000000008002c04                SDIO_IRQHandler
                0x0000000008002c04                TAMP_STAMP_IRQHandler
                0x0000000008002c04                EXTI3_IRQHandler
                0x0000000008002c04                TIM1_UP_TIM10_IRQHandler
                0x0000000008002c04                I2C3_ER_IRQHandler
                0x0000000008002c04                EXTI0_IRQHandler
                0x0000000008002c04                I2C2_EV_IRQHandler
                0x0000000008002c04                DMA1_Stream2_IRQHandler
                0x0000000008002c04                FPU_IRQHandler
                0x0000000008002c04                DMA2_Stream2_IRQHandler
                0x0000000008002c04                SPI1_IRQHandler
                0x0000000008002c04                TIM1_BRK_TIM9_IRQHandler
                0x0000000008002c04                DMA2_Stream3_IRQHandler
                0x0000000008002c04                USART6_IRQHandler
                0x0000000008002c04                DMA2_Stream0_IRQHandler
                0x0000000008002c04                TIM4_IRQHandler
                0x0000000008002c04                I2C1_EV_IRQHandler
                0x0000000008002c04                DMA1_Stream6_IRQHandler
                0x0000000008002c04                DMA1_Stream1_IRQHandler
                0x0000000008002c04                TIM3_IRQHandler
                0x0000000008002c04                RCC_IRQHandler
                0x0000000008002c04                Default_Handler
                0x0000000008002c04                EXTI15_10_IRQHandler
                0x0000000008002c04                ADC_IRQHandler
                0x0000000008002c04                DMA1_Stream7_IRQHandler
                0x0000000008002c04                SPI5_IRQHandler
                0x0000000008002c04                TIM5_IRQHandler
                0x0000000008002c04                DMA2_Stream7_IRQHandler
                0x0000000008002c04                I2C3_EV_IRQHandler
                0x0000000008002c04                EXTI9_5_IRQHandler
                0x0000000008002c04                RTC_WKUP_IRQHandler
                0x0000000008002c04                SPI2_IRQHandler
                0x0000000008002c04                DMA1_Stream0_IRQHandler
                0x0000000008002c04                EXTI4_IRQHandler
                0x0000000008002c04                WWDG_IRQHandler
                0x0000000008002c04                TIM2_IRQHandler
                0x0000000008002c04                OTG_FS_WKUP_IRQHandler
                0x0000000008002c04                TIM1_TRG_COM_TIM11_IRQHandler
                0x0000000008002c04                EXTI1_IRQHandler
                0x0000000008002c04                USART2_IRQHandler
                0x0000000008002c04                I2C2_ER_IRQHandler
                0x0000000008002c04                DMA2_Stream1_IRQHandler
                0x0000000008002c04                FLASH_IRQHandler
                0x0000000008002c04                DMA2_Stream4_IRQHandler
                0x0000000008002c04                USART1_IRQHandler
                0x0000000008002c04                OTG_FS_IRQHandler
                0x0000000008002c04                SPI3_IRQHandler
                0x0000000008002c04                DMA1_Stream4_IRQHandler
                0x0000000008002c04                I2C1_ER_IRQHandler
                0x0000000008002c04                DMA2_Stream6_IRQHandler
                0x0000000008002c04                DMA1_Stream3_IRQHandler
 *fill*         0x0000000008002c06        0x2 
 .text.__errno  0x0000000008002c08        0xc c:/st/stm32cubeide_1.10.1/stm32cubeide/plugins/com.st.stm32cube.ide.mcu.externaltools.gnu-tools-for-stm32.10.3-2021.10.win32_1.0.0.202111181127/tools/bin/../lib/gcc/arm-none-eabi/10.3.1/../../../../arm-none-eabi/lib/thumb/v7e-m+fp/hard\libc_nano.a(lib_a-errno.o)
                0x0000000008002c08                __errno
 .text.__libc_init_array
                0x0000000008002c14       0x48 c:/st/stm32cubeide_1.10.1/stm32cubeide/plugins/com.st.stm32cube.ide.mcu.externaltools.gnu-tools-for-stm32.10.3-2021.10.win32_1.0.0.202111181127/tools/bin/../lib/gcc/arm-none-eabi/10.3.1/../../../../arm-none-eabi/lib/thumb/v7e-m+fp/hard\libc_nano.a(lib_a-init.o)
                0x0000000008002c14                __libc_init_array
 .text.memset   0x0000000008002c5c       0x10 c:/st/stm32cubeide_1.10.1/stm32cubeide/plugins/com.st.stm32cube.ide.mcu.externaltools.gnu-tools-for-stm32.10.3-2021.10.win32_1.0.0.202111181127/tools/bin/../lib/gcc/arm-none-eabi/10.3.1/../../../../arm-none-eabi/lib/thumb/v7e-m+fp/hard\libc_nano.a(lib_a-memset.o)
                0x0000000008002c5c                memset
 .text.sprintf  0x0000000008002c6c       0x40 c:/st/stm32cubeide_1.10.1/stm32cubeide/plugins/com.st.stm32cube.ide.mcu.externaltools.gnu-tools-for-stm32.10.3-2021.10.win32_1.0.0.202111181127/tools/bin/../lib/gcc/arm-none-eabi/10.3.1/../../../../arm-none-eabi/lib/thumb/v7e-m+fp/hard\libc_nano.a(lib_a-sprintf.o)
                0x0000000008002c6c                siprintf
                0x0000000008002c6c                sprintf
 .text.strstr   0x0000000008002cac       0x2c c:/st/stm32cubeide_1.10.1/stm32cubeide/plugins/com.st.stm32cube.ide.mcu.externaltools.gnu-tools-for-stm32.10.3-2021.10.win32_1.0.0.202111181127/tools/bin/../lib/gcc/arm-none-eabi/10.3.1/../../../../arm-none-eabi/lib/thumb/v7e-m+fp/hard\libc_nano.a(lib_a-strstr.o)
                0x0000000008002cac                strstr
 .text.__ssputs_r
                0x0000000008002cd8       0xb6 c:/st/stm32cubeide_1.10.1/stm32cubeide/plugins/com.st.stm32cube.ide.mcu.externaltools.gnu-tools-for-stm32.10.3-2021.10.win32_1.0.0.202111181127/tools/bin/../lib/gcc/arm-none-eabi/10.3.1/../../../../arm-none-eabi/lib/thumb/v7e-m+fp/hard\libc_nano.a(lib_a-nano-svfprintf.o)
                0x0000000008002cd8                __ssputs_r
 *fill*         0x0000000008002d8e        0x2 
 .text._svfprintf_r
                0x0000000008002d90      0x200 c:/st/stm32cubeide_1.10.1/stm32cubeide/plugins/com.st.stm32cube.ide.mcu.externaltools.gnu-tools-for-stm32.10.3-2021.10.win32_1.0.0.202111181127/tools/bin/../lib/gcc/arm-none-eabi/10.3.1/../../../../arm-none-eabi/lib/thumb/v7e-m+fp/hard\libc_nano.a(lib_a-nano-svfprintf.o)
                0x0000000008002d90                _svfiprintf_r
                0x0000000008002d90                _svfprintf_r
 .text._printf_common
                0x0000000008002f90       0xda c:/st/stm32cubeide_1.10.1/stm32cubeide/plugins/com.st.stm32cube.ide.mcu.externaltools.gnu-tools-for-stm32.10.3-2021.10.win32_1.0.0.202111181127/tools/bin/../lib/gcc/arm-none-eabi/10.3.1/../../../../arm-none-eabi/lib/thumb/v7e-m+fp/hard\libc_nano.a(lib_a-nano-vfprintf_i.o)
                0x0000000008002f90                _printf_common
 *fill*         0x000000000800306a        0x2 
 .text._printf_i
                0x000000000800306c      0x24c c:/st/stm32cubeide_1.10.1/stm32cubeide/plugins/com.st.stm32cube.ide.mcu.externaltools.gnu-tools-for-stm32.10.3-2021.10.win32_1.0.0.202111181127/tools/bin/../lib/gcc/arm-none-eabi/10.3.1/../../../../arm-none-eabi/lib/thumb/v7e-m+fp/hard\libc_nano.a(lib_a-nano-vfprintf_i.o)
                0x000000000800306c                _printf_i
 .text.memcpy   0x00000000080032b8       0x1c c:/st/stm32cubeide_1.10.1/stm32cubeide/plugins/com.st.stm32cube.ide.mcu.externaltools.gnu-tools-for-stm32.10.3-2021.10.win32_1.0.0.202111181127/tools/bin/../lib/gcc/arm-none-eabi/10.3.1/../../../../arm-none-eabi/lib/thumb/v7e-m+fp/hard\libc_nano.a(lib_a-memcpy-stub.o)
                0x00000000080032b8                memcpy
 .text.memmove  0x00000000080032d4       0x34 c:/st/stm32cubeide_1.10.1/stm32cubeide/plugins/com.st.stm32cube.ide.mcu.externaltools.gnu-tools-for-stm32.10.3-2021.10.win32_1.0.0.202111181127/tools/bin/../lib/gcc/arm-none-eabi/10.3.1/../../../../arm-none-eabi/lib/thumb/v7e-m+fp/hard\libc_nano.a(lib_a-memmove.o)
                0x00000000080032d4                memmove
 .text._free_r  0x0000000008003308       0x98 c:/st/stm32cubeide_1.10.1/stm32cubeide/plugins/com.st.stm32cube.ide.mcu.externaltools.gnu-tools-for-stm32.10.3-2021.10.win32_1.0.0.202111181127/tools/bin/../lib/gcc/arm-none-eabi/10.3.1/../../../../arm-none-eabi/lib/thumb/v7e-m+fp/hard\libc_nano.a(lib_a-nano-freer.o)
                0x0000000008003308                _free_r
 .text.sbrk_aligned
                0x00000000080033a0       0x40 c:/st/stm32cubeide_1.10.1/stm32cubeide/plugins/com.st.stm32cube.ide.mcu.externaltools.gnu-tools-for-stm32.10.3-2021.10.win32_1.0.0.202111181127/tools/bin/../lib/gcc/arm-none-eabi/10.3.1/../../../../arm-none-eabi/lib/thumb/v7e-m+fp/hard\libc_nano.a(lib_a-nano-mallocr.o)
 .text._malloc_r
                0x00000000080033e0       0xe8 c:/st/stm32cubeide_1.10.1/stm32cubeide/plugins/com.st.stm32cube.ide.mcu.externaltools.gnu-tools-for-stm32.10.3-2021.10.win32_1.0.0.202111181127/tools/bin/../lib/gcc/arm-none-eabi/10.3.1/../../../../arm-none-eabi/lib/thumb/v7e-m+fp/hard\libc_nano.a(lib_a-nano-mallocr.o)
                0x00000000080033e0                _malloc_r
 .text._realloc_r
                0x00000000080034c8       0x5e c:/st/stm32cubeide_1.10.1/stm32cubeide/plugins/com.st.stm32cube.ide.mcu.externaltools.gnu-tools-for-stm32.10.3-2021.10.win32_1.0.0.202111181127/tools/bin/../lib/gcc/arm-none-eabi/10.3.1/../../../../arm-none-eabi/lib/thumb/v7e-m+fp/hard\libc_nano.a(lib_a-nano-reallocr.o)
                0x00000000080034c8                _realloc_r
 *fill*         0x0000000008003526        0x2 
 .text._sbrk_r  0x0000000008003528       0x20 c:/st/stm32cubeide_1.10.1/stm32cubeide/plugins/com.st.stm32cube.ide.mcu.externaltools.gnu-tools-for-stm32.10.3-2021.10.win32_1.0.0.202111181127/tools/bin/../lib/gcc/arm-none-eabi/10.3.1/../../../../arm-none-eabi/lib/thumb/v7e-m+fp/hard\libc_nano.a(lib_a-sbrkr.o)
                0x0000000008003528                _sbrk_r
 .text.__malloc_lock
                0x0000000008003548        0xc c:/st/stm32cubeide_1.10.1/stm32cubeide/plugins/com.st.stm32cube.ide.mcu.externaltools.gnu-tools-for-stm32.10.3-2021.10.win32_1.0.0.202111181127/tools/bin/../lib/gcc/arm-none-eabi/10.3.1/../../../../arm-none-eabi/lib/thumb/v7e-m+fp/hard\libc_nano.a(lib_a-mlock.o)
                0x0000000008003548                __malloc_lock
 .text.__malloc_unlock
                0x0000000008003554        0xc c:/st/stm32cubeide_1.10.1/stm32cubeide/plugins/com.st.stm32cube.ide.mcu.externaltools.gnu-tools-for-stm32.10.3-2021.10.win32_1.0.0.202111181127/tools/bin/../lib/gcc/arm-none-eabi/10.3.1/../../../../arm-none-eabi/lib/thumb/v7e-m+fp/hard\libc_nano.a(lib_a-mlock.o)
                0x0000000008003554                __malloc_unlock
 .text._malloc_usable_size_r
                0x0000000008003560       0x10 c:/st/stm32cubeide_1.10.1/stm32cubeide/plugins/com.st.stm32cube.ide.mcu.externaltools.gnu-tools-for-stm32.10.3-2021.10.win32_1.0.0.202111181127/tools/bin/../lib/gcc/arm-none-eabi/10.3.1/../../../../arm-none-eabi/lib/thumb/v7e-m+fp/hard\libc_nano.a(lib_a-nano-msizer.o)
                0x0000000008003560                _malloc_usable_size_r
 .text.__retarget_lock_acquire_recursive
                0x0000000008003570        0x2 c:/st/stm32cubeide_1.10.1/stm32cubeide/plugins/com.st.stm32cube.ide.mcu.externaltools.gnu-tools-for-stm32.10.3-2021.10.win32_1.0.0.202111181127/tools/bin/../lib/gcc/arm-none-eabi/10.3.1/../../../../arm-none-eabi/lib/thumb/v7e-m+fp/hard\libc_nano.a(lib_a-lock.o)
                0x0000000008003570                __retarget_lock_acquire_recursive
 .text.__retarget_lock_release_recursive
                0x0000000008003572        0x2 c:/st/stm32cubeide_1.10.1/stm32cubeide/plugins/com.st.stm32cube.ide.mcu.externaltools.gnu-tools-for-stm32.10.3-2021.10.win32_1.0.0.202111181127/tools/bin/../lib/gcc/arm-none-eabi/10.3.1/../../../../arm-none-eabi/lib/thumb/v7e-m+fp/hard\libc_nano.a(lib_a-lock.o)
                0x0000000008003572                __retarget_lock_release_recursive
 *(.glue_7)
 .glue_7        0x0000000008003574        0x0 linker stubs
 *(.glue_7t)
 .glue_7t       0x0000000008003574        0x0 linker stubs
 *(.eh_frame)
 .eh_frame      0x0000000008003574        0x0 c:/st/stm32cubeide_1.10.1/stm32cubeide/plugins/com.st.stm32cube.ide.mcu.externaltools.gnu-tools-for-stm32.10.3-2021.10.win32_1.0.0.202111181127/tools/bin/../lib/gcc/arm-none-eabi/10.3.1/thumb/v7e-m+fp/hard/crtbegin.o
 *(.init)
 .init          0x0000000008003574        0x4 c:/st/stm32cubeide_1.10.1/stm32cubeide/plugins/com.st.stm32cube.ide.mcu.externaltools.gnu-tools-for-stm32.10.3-2021.10.win32_1.0.0.202111181127/tools/bin/../lib/gcc/arm-none-eabi/10.3.1/thumb/v7e-m+fp/hard/crti.o
                0x0000000008003574                _init
 .init          0x0000000008003578        0x8 c:/st/stm32cubeide_1.10.1/stm32cubeide/plugins/com.st.stm32cube.ide.mcu.externaltools.gnu-tools-for-stm32.10.3-2021.10.win32_1.0.0.202111181127/tools/bin/../lib/gcc/arm-none-eabi/10.3.1/thumb/v7e-m+fp/hard/crtn.o
 *(.fini)
 .fini          0x0000000008003580        0x4 c:/st/stm32cubeide_1.10.1/stm32cubeide/plugins/com.st.stm32cube.ide.mcu.externaltools.gnu-tools-for-stm32.10.3-2021.10.win32_1.0.0.202111181127/tools/bin/../lib/gcc/arm-none-eabi/10.3.1/thumb/v7e-m+fp/hard/crti.o
                0x0000000008003580                _fini
 .fini          0x0000000008003584        0x8 c:/st/stm32cubeide_1.10.1/stm32cubeide/plugins/com.st.stm32cube.ide.mcu.externaltools.gnu-tools-for-stm32.10.3-2021.10.win32_1.0.0.202111181127/tools/bin/../lib/gcc/arm-none-eabi/10.3.1/thumb/v7e-m+fp/hard/crtn.o
                0x000000000800358c                . = ALIGN (0x4)
                0x000000000800358c                _etext = .

.vfp11_veneer   0x000000000800358c        0x0
 .vfp11_veneer  0x000000000800358c        0x0 linker stubs

.v4_bx          0x000000000800358c        0x0
 .v4_bx         0x000000000800358c        0x0 linker stubs

.iplt           0x000000000800358c        0x0
 .iplt          0x000000000800358c        0x0 c:/st/stm32cubeide_1.10.1/stm32cubeide/plugins/com.st.stm32cube.ide.mcu.externaltools.gnu-tools-for-stm32.10.3-2021.10.win32_1.0.0.202111181127/tools/bin/../lib/gcc/arm-none-eabi/10.3.1/thumb/v7e-m+fp/hard/crtbegin.o

.rodata         0x000000000800358c      0x1f4
                0x000000000800358c                . = ALIGN (0x4)
 *(.rodata)
 .rodata        0x000000000800358c      0x126 ./Drivers/SIM800x/Src/SIM800x.o
 *fill*         0x00000000080036b2        0x2 
 .rodata        0x00000000080036b4       0x7e ./Src/main.o
 *(.rodata*)
 *fill*         0x0000000008003732        0x2 
 .rodata.AHBPrescTable
                0x0000000008003734       0x10 ./Drivers/CMSIS/system_stm32f4xx.o
                0x0000000008003734                AHBPrescTable
 .rodata.APBPrescTable
                0x0000000008003744        0x8 ./Drivers/CMSIS/system_stm32f4xx.o
                0x0000000008003744                APBPrescTable
 .rodata._svfprintf_r.str1.1
                0x000000000800374c       0x11 c:/st/stm32cubeide_1.10.1/stm32cubeide/plugins/com.st.stm32cube.ide.mcu.externaltools.gnu-tools-for-stm32.10.3-2021.10.win32_1.0.0.202111181127/tools/bin/../lib/gcc/arm-none-eabi/10.3.1/../../../../arm-none-eabi/lib/thumb/v7e-m+fp/hard\libc_nano.a(lib_a-nano-svfprintf.o)
 .rodata._printf_i.str1.1
                0x000000000800375d       0x22 c:/st/stm32cubeide_1.10.1/stm32cubeide/plugins/com.st.stm32cube.ide.mcu.externaltools.gnu-tools-for-stm32.10.3-2021.10.win32_1.0.0.202111181127/tools/bin/../lib/gcc/arm-none-eabi/10.3.1/../../../../arm-none-eabi/lib/thumb/v7e-m+fp/hard\libc_nano.a(lib_a-nano-vfprintf_i.o)
                0x0000000008003780                . = ALIGN (0x4)
 *fill*         0x000000000800377f        0x1 

.ARM.extab      0x0000000008003780        0x0
                0x0000000008003780                . = ALIGN (0x4)
 *(.ARM.extab* .gnu.linkonce.armextab.*)
                0x0000000008003780                . = ALIGN (0x4)

.ARM            0x0000000008003780        0x8
                0x0000000008003780                . = ALIGN (0x4)
                0x0000000008003780                __exidx_start = .
 *(.ARM.exidx*)
 .ARM.exidx     0x0000000008003780        0x8 c:/st/stm32cubeide_1.10.1/stm32cubeide/plugins/com.st.stm32cube.ide.mcu.externaltools.gnu-tools-for-stm32.10.3-2021.10.win32_1.0.0.202111181127/tools/bin/../lib/gcc/arm-none-eabi/10.3.1/thumb/v7e-m+fp/hard\libgcc.a(_udivmoddi4.o)
                0x0000000008003788                __exidx_end = .
                0x0000000008003788                . = ALIGN (0x4)

.rel.dyn        0x0000000008003788        0x0
 .rel.iplt      0x0000000008003788        0x0 c:/st/stm32cubeide_1.10.1/stm32cubeide/plugins/com.st.stm32cube.ide.mcu.externaltools.gnu-tools-for-stm32.10.3-2021.10.win32_1.0.0.202111181127/tools/bin/../lib/gcc/arm-none-eabi/10.3.1/thumb/v7e-m+fp/hard/crtbegin.o

.preinit_array  0x0000000008003788        0x0
                0x0000000008003788                . = ALIGN (0x4)
                0x0000000008003788                PROVIDE (__preinit_array_start = .)
 *(.preinit_array*)
                0x0000000008003788                PROVIDE (__preinit_array_end = .)
                0x0000000008003788                . = ALIGN (0x4)

.init_array     0x0000000008003788        0x4
                0x0000000008003788                . = ALIGN (0x4)
                0x0000000008003788                PROVIDE (__init_array_start = .)
 *(SORT_BY_NAME(.init_array.*))
 *(.init_array*)
 .init_array    0x0000000008003788        0x4 c:/st/stm32cubeide_1.10.1/stm32cubeide/plugins/com.st.stm32cube.ide.mcu.externaltools.gnu-tools-for-stm32.10.3-2021.10.win32_1.0.0.202111181127/tools/bin/../lib/gcc/arm-none-eabi/10.3.1/thumb/v7e-m+fp/hard/crtbegin.o
                0x000000000800378c                PROVIDE (__init_array_end = .)
                0x000000000800378c                . = ALIGN (0x4)

.fini_array     0x000000000800378c        0x4
                0x000000000800378c                . = ALIGN (0x4)
                [!provide]                        PROVIDE (__fini_array_start = .)
 *(SORT_BY_NAME(.fini_array.*))
 *(.fini_array*)
 .fini_array    0x000000000800378c        0x4 c:/st/stm32cubeide_1.10.1/stm32cubeide/plugins/com.st.stm32cube.ide.mcu.externaltools.gnu-tools-for-stm32.10.3-2021.10.win32_1.0.0.202111181127/tools/bin/../lib/gcc/arm-none-eabi/10.3.1/thumb/v7e-m+fp/hard/crtbegin.o
                [!provide]                        PROVIDE (__fini_array_end = .)
                0x0000000008003790                . = ALIGN (0x4)
                0x0000000008003790                _sidata = LOADADDR (.data)

.data           0x0000000020000000       0xc4 load address 0x0000000008003790
                0x0000000020000000                . = ALIGN (0x4)
                0x0000000020000000                _sdata = .
 *(.data)
 *(.data*)
 .data.GPIO_PORT
                0x0000000020000000        0x4 ./Drivers/BSP/STM32F4xx_BlackPill/Src/stm32f4xx_BlackPill.o
                0x0000000020000000                GPIO_PORT
 .data.BUTTON_PORT
                0x0000000020000004        0x4 ./Drivers/BSP/STM32F4xx_BlackPill/Src/stm32f4xx_BlackPill.o
                0x0000000020000004                BUTTON_PORT
 .data.SystemCoreClock
                0x0000000020000008        0x4 ./Drivers/CMSIS/system_stm32f4xx.o
                0x0000000020000008                SystemCoreClock
 .data.uwTickPrio
                0x000000002000000c        0x4 ./Drivers/STM32F4xx_HAL_Driver/Src/stm32f4xx_hal.o
                0x000000002000000c                uwTickPrio
 .data.uwTickFreq
                0x0000000020000010        0x1 ./Drivers/STM32F4xx_HAL_Driver/Src/stm32f4xx_hal.o
                0x0000000020000010                uwTickFreq
 *fill*         0x0000000020000011        0x3 
 .data.cellNumber
                0x0000000020000014        0xd ./Src/main.o
                0x0000000020000014                cellNumber
 *fill*         0x0000000020000021        0x3 
 .data.sms      0x0000000020000024       0x3c ./Src/main.o
                0x0000000020000024                sms
 .data._impure_ptr
                0x0000000020000060        0x4 c:/st/stm32cubeide_1.10.1/stm32cubeide/plugins/com.st.stm32cube.ide.mcu.externaltools.gnu-tools-for-stm32.10.3-2021.10.win32_1.0.0.202111181127/tools/bin/../lib/gcc/arm-none-eabi/10.3.1/../../../../arm-none-eabi/lib/thumb/v7e-m+fp/hard\libc_nano.a(lib_a-impure.o)
                0x0000000020000060                _impure_ptr
 .data.impure_data
                0x0000000020000064       0x60 c:/st/stm32cubeide_1.10.1/stm32cubeide/plugins/com.st.stm32cube.ide.mcu.externaltools.gnu-tools-for-stm32.10.3-2021.10.win32_1.0.0.202111181127/tools/bin/../lib/gcc/arm-none-eabi/10.3.1/../../../../arm-none-eabi/lib/thumb/v7e-m+fp/hard\libc_nano.a(lib_a-impure.o)
 *(.RamFunc)
 *(.RamFunc*)
                0x00000000200000c4                . = ALIGN (0x4)
                0x00000000200000c4                _edata = .

.igot.plt       0x00000000200000c4        0x0 load address 0x0000000008003854
 .igot.plt      0x00000000200000c4        0x0 c:/st/stm32cubeide_1.10.1/stm32cubeide/plugins/com.st.stm32cube.ide.mcu.externaltools.gnu-tools-for-stm32.10.3-2021.10.win32_1.0.0.202111181127/tools/bin/../lib/gcc/arm-none-eabi/10.3.1/thumb/v7e-m+fp/hard/crtbegin.o
                0x00000000200000c4                . = ALIGN (0x4)

.bss            0x00000000200000c4      0x1c4 load address 0x0000000008003854
                0x00000000200000c4                _sbss = .
                0x00000000200000c4                __bss_start__ = _sbss
 *(.bss)
 .bss           0x00000000200000c4       0x1c c:/st/stm32cubeide_1.10.1/stm32cubeide/plugins/com.st.stm32cube.ide.mcu.externaltools.gnu-tools-for-stm32.10.3-2021.10.win32_1.0.0.202111181127/tools/bin/../lib/gcc/arm-none-eabi/10.3.1/thumb/v7e-m+fp/hard/crtbegin.o
 *(.bss*)
 .bss.fsmButtonState
                0x00000000200000e0        0x1 ./Drivers/API/Src/API_Debounce.o
 .bss.keyPressed
                0x00000000200000e1        0x1 ./Drivers/API/Src/API_Debounce.o
 .bss.flagFallingEdge
                0x00000000200000e2        0x1 ./Drivers/API/Src/API_Debounce.o
 .bss.flagRaisingEdge
                0x00000000200000e3        0x1 ./Drivers/API/Src/API_Debounce.o
 .bss.delayNbLED
                0x00000000200000e4        0xc ./Drivers/API/Src/API_Debounce.o
                0x00000000200000e4                delayNbLED
 .bss.__sbrk_heap_end
                0x00000000200000f0        0x4 ./Drivers/Core/Src/sysmem.o
 .bss.serialResponseBuffer
                0x00000000200000f4       0x64 ./Drivers/SIM800x/Src/SIM800x.o
 .bss.UARTHandlerPort
                0x0000000020000158       0x44 ./Drivers/SIM800x/Src/port.o
 .bss.pUARTHandlerPort
                0x000000002000019c        0x4 ./Drivers/SIM800x/Src/port.o
 .bss.resetHandlerPort
                0x00000000200001a0        0x4 ./Drivers/SIM800x/Src/port.o
 .bss.powerKeyHandlerPort
                0x00000000200001a4        0x4 ./Drivers/SIM800x/Src/port.o
 .bss._powerKeyPin
                0x00000000200001a8        0x2 ./Drivers/SIM800x/Src/port.o
 .bss._resetPin
                0x00000000200001aa        0x2 ./Drivers/SIM800x/Src/port.o
 .bss.serialUARTBuffer
                0x00000000200001ac       0x32 ./Drivers/SIM800x/Src/port.o
 *fill*         0x00000000200001de        0x2 
 .bss.uwTick    0x00000000200001e0        0x4 ./Drivers/STM32F4xx_HAL_Driver/Src/stm32f4xx_hal.o
                0x00000000200001e0                uwTick
 .bss.delayNBLeds
                0x00000000200001e4        0xc ./Src/main.o
                0x00000000200001e4                delayNBLeds
 .bss.huart1    0x00000000200001f0       0x44 ./Src/main.o
                0x00000000200001f0                huart1
 .bss.huart2    0x0000000020000234       0x44 ./Src/main.o
                0x0000000020000234                huart2
 .bss.__malloc_free_list
                0x0000000020000278        0x4 c:/st/stm32cubeide_1.10.1/stm32cubeide/plugins/com.st.stm32cube.ide.mcu.externaltools.gnu-tools-for-stm32.10.3-2021.10.win32_1.0.0.202111181127/tools/bin/../lib/gcc/arm-none-eabi/10.3.1/../../../../arm-none-eabi/lib/thumb/v7e-m+fp/hard\libc_nano.a(lib_a-nano-mallocr.o)
                0x0000000020000278                __malloc_free_list
 .bss.__malloc_sbrk_start
                0x000000002000027c        0x4 c:/st/stm32cubeide_1.10.1/stm32cubeide/plugins/com.st.stm32cube.ide.mcu.externaltools.gnu-tools-for-stm32.10.3-2021.10.win32_1.0.0.202111181127/tools/bin/../lib/gcc/arm-none-eabi/10.3.1/../../../../arm-none-eabi/lib/thumb/v7e-m+fp/hard\libc_nano.a(lib_a-nano-mallocr.o)
                0x000000002000027c                __malloc_sbrk_start
 .bss.errno     0x0000000020000280        0x4 c:/st/stm32cubeide_1.10.1/stm32cubeide/plugins/com.st.stm32cube.ide.mcu.externaltools.gnu-tools-for-stm32.10.3-2021.10.win32_1.0.0.202111181127/tools/bin/../lib/gcc/arm-none-eabi/10.3.1/../../../../arm-none-eabi/lib/thumb/v7e-m+fp/hard\libc_nano.a(lib_a-reent.o)
                0x0000000020000280                errno
 .bss.__lock___malloc_recursive_mutex
                0x0000000020000284        0x1 c:/st/stm32cubeide_1.10.1/stm32cubeide/plugins/com.st.stm32cube.ide.mcu.externaltools.gnu-tools-for-stm32.10.3-2021.10.win32_1.0.0.202111181127/tools/bin/../lib/gcc/arm-none-eabi/10.3.1/../../../../arm-none-eabi/lib/thumb/v7e-m+fp/hard\libc_nano.a(lib_a-lock.o)
                0x0000000020000284                __lock___malloc_recursive_mutex
 *(COMMON)
                0x0000000020000288                . = ALIGN (0x4)
 *fill*         0x0000000020000285        0x3 
                0x0000000020000288                _ebss = .
                0x0000000020000288                __bss_end__ = _ebss

._user_heap_stack
                0x0000000020000288      0x600 load address 0x0000000008003854
                0x0000000020000288                . = ALIGN (0x8)
                [!provide]                        PROVIDE (end = .)
                0x0000000020000288                PROVIDE (_end = .)
                0x0000000020000488                . = (. + _Min_Heap_Size)
 *fill*         0x0000000020000288      0x200 
                0x0000000020000888                . = (. + _Min_Stack_Size)
 *fill*         0x0000000020000488      0x400 
                0x0000000020000888                . = ALIGN (0x8)

/DISCARD/
 libc.a(*)
 libm.a(*)
 libgcc.a(*)

.ARM.attributes
                0x0000000000000000       0x30
 *(.ARM.attributes)
 .ARM.attributes
                0x0000000000000000       0x1e c:/st/stm32cubeide_1.10.1/stm32cubeide/plugins/com.st.stm32cube.ide.mcu.externaltools.gnu-tools-for-stm32.10.3-2021.10.win32_1.0.0.202111181127/tools/bin/../lib/gcc/arm-none-eabi/10.3.1/thumb/v7e-m+fp/hard/crti.o
 .ARM.attributes
                0x000000000000001e       0x34 c:/st/stm32cubeide_1.10.1/stm32cubeide/plugins/com.st.stm32cube.ide.mcu.externaltools.gnu-tools-for-stm32.10.3-2021.10.win32_1.0.0.202111181127/tools/bin/../lib/gcc/arm-none-eabi/10.3.1/thumb/v7e-m+fp/hard/crtbegin.o
 .ARM.attributes
                0x0000000000000052       0x34 ./Drivers/API/Src/API_Debounce.o
 .ARM.attributes
                0x0000000000000086       0x34 ./Drivers/API/Src/API_DelayNB.o
 .ARM.attributes
                0x00000000000000ba       0x34 ./Drivers/BSP/STM32F4xx_BlackPill/Src/stm32f4xx_BlackPill.o
 .ARM.attributes
                0x00000000000000ee       0x34 ./Drivers/CMSIS/system_stm32f4xx.o
 .ARM.attributes
                0x0000000000000122       0x34 ./Drivers/Core/Src/stm32f4xx_it.o
 .ARM.attributes
                0x0000000000000156       0x34 ./Drivers/Core/Src/sysmem.o
 .ARM.attributes
                0x000000000000018a       0x34 ./Drivers/SIM800x/Src/SIM800x.o
 .ARM.attributes
                0x00000000000001be       0x34 ./Drivers/SIM800x/Src/port.o
 .ARM.attributes
                0x00000000000001f2       0x34 ./Drivers/STM32F4xx_HAL_Driver/Src/stm32f4xx_hal.o
 .ARM.attributes
                0x0000000000000226       0x34 ./Drivers/STM32F4xx_HAL_Driver/Src/stm32f4xx_hal_cortex.o
 .ARM.attributes
                0x000000000000025a       0x34 ./Drivers/STM32F4xx_HAL_Driver/Src/stm32f4xx_hal_gpio.o
 .ARM.attributes
                0x000000000000028e       0x34 ./Drivers/STM32F4xx_HAL_Driver/Src/stm32f4xx_hal_msp.o
 .ARM.attributes
                0x00000000000002c2       0x34 ./Drivers/STM32F4xx_HAL_Driver/Src/stm32f4xx_hal_rcc.o
 .ARM.attributes
                0x00000000000002f6       0x34 ./Drivers/STM32F4xx_HAL_Driver/Src/stm32f4xx_hal_uart.o
 .ARM.attributes
                0x000000000000032a       0x34 ./Src/main.o
 .ARM.attributes
                0x000000000000035e       0x21 ./Startup/startup_stm32f411ceux.o
 .ARM.attributes
                0x000000000000037f       0x34 c:/st/stm32cubeide_1.10.1/stm32cubeide/plugins/com.st.stm32cube.ide.mcu.externaltools.gnu-tools-for-stm32.10.3-2021.10.win32_1.0.0.202111181127/tools/bin/../lib/gcc/arm-none-eabi/10.3.1/../../../../arm-none-eabi/lib/thumb/v7e-m+fp/hard\libc_nano.a(lib_a-errno.o)
 .ARM.attributes
                0x00000000000003b3       0x34 c:/st/stm32cubeide_1.10.1/stm32cubeide/plugins/com.st.stm32cube.ide.mcu.externaltools.gnu-tools-for-stm32.10.3-2021.10.win32_1.0.0.202111181127/tools/bin/../lib/gcc/arm-none-eabi/10.3.1/../../../../arm-none-eabi/lib/thumb/v7e-m+fp/hard\libc_nano.a(lib_a-impure.o)
 .ARM.attributes
                0x00000000000003e7       0x34 c:/st/stm32cubeide_1.10.1/stm32cubeide/plugins/com.st.stm32cube.ide.mcu.externaltools.gnu-tools-for-stm32.10.3-2021.10.win32_1.0.0.202111181127/tools/bin/../lib/gcc/arm-none-eabi/10.3.1/../../../../arm-none-eabi/lib/thumb/v7e-m+fp/hard\libc_nano.a(lib_a-init.o)
 .ARM.attributes
                0x000000000000041b       0x34 c:/st/stm32cubeide_1.10.1/stm32cubeide/plugins/com.st.stm32cube.ide.mcu.externaltools.gnu-tools-for-stm32.10.3-2021.10.win32_1.0.0.202111181127/tools/bin/../lib/gcc/arm-none-eabi/10.3.1/../../../../arm-none-eabi/lib/thumb/v7e-m+fp/hard\libc_nano.a(lib_a-memset.o)
 .ARM.attributes
                0x000000000000044f       0x34 c:/st/stm32cubeide_1.10.1/stm32cubeide/plugins/com.st.stm32cube.ide.mcu.externaltools.gnu-tools-for-stm32.10.3-2021.10.win32_1.0.0.202111181127/tools/bin/../lib/gcc/arm-none-eabi/10.3.1/../../../../arm-none-eabi/lib/thumb/v7e-m+fp/hard\libc_nano.a(lib_a-sprintf.o)
 .ARM.attributes
                0x0000000000000483       0x17 c:/st/stm32cubeide_1.10.1/stm32cubeide/plugins/com.st.stm32cube.ide.mcu.externaltools.gnu-tools-for-stm32.10.3-2021.10.win32_1.0.0.202111181127/tools/bin/../lib/gcc/arm-none-eabi/10.3.1/../../../../arm-none-eabi/lib/thumb/v7e-m+fp/hard\libc_nano.a(lib_a-strlen.o)
 .ARM.attributes
                0x000000000000049a       0x34 c:/st/stm32cubeide_1.10.1/stm32cubeide/plugins/com.st.stm32cube.ide.mcu.externaltools.gnu-tools-for-stm32.10.3-2021.10.win32_1.0.0.202111181127/tools/bin/../lib/gcc/arm-none-eabi/10.3.1/../../../../arm-none-eabi/lib/thumb/v7e-m+fp/hard\libc_nano.a(lib_a-strstr.o)
 .ARM.attributes
                0x00000000000004ce       0x34 c:/st/stm32cubeide_1.10.1/stm32cubeide/plugins/com.st.stm32cube.ide.mcu.externaltools.gnu-tools-for-stm32.10.3-2021.10.win32_1.0.0.202111181127/tools/bin/../lib/gcc/arm-none-eabi/10.3.1/../../../../arm-none-eabi/lib/thumb/v7e-m+fp/hard\libc_nano.a(lib_a-nano-svfprintf.o)
 .ARM.attributes
                0x0000000000000502       0x34 c:/st/stm32cubeide_1.10.1/stm32cubeide/plugins/com.st.stm32cube.ide.mcu.externaltools.gnu-tools-for-stm32.10.3-2021.10.win32_1.0.0.202111181127/tools/bin/../lib/gcc/arm-none-eabi/10.3.1/../../../../arm-none-eabi/lib/thumb/v7e-m+fp/hard\libc_nano.a(lib_a-nano-vfprintf_i.o)
 .ARM.attributes
                0x0000000000000536       0x1c c:/st/stm32cubeide_1.10.1/stm32cubeide/plugins/com.st.stm32cube.ide.mcu.externaltools.gnu-tools-for-stm32.10.3-2021.10.win32_1.0.0.202111181127/tools/bin/../lib/gcc/arm-none-eabi/10.3.1/../../../../arm-none-eabi/lib/thumb/v7e-m+fp/hard\libc_nano.a(lib_a-memchr.o)
 .ARM.attributes
                0x0000000000000552       0x34 c:/st/stm32cubeide_1.10.1/stm32cubeide/plugins/com.st.stm32cube.ide.mcu.externaltools.gnu-tools-for-stm32.10.3-2021.10.win32_1.0.0.202111181127/tools/bin/../lib/gcc/arm-none-eabi/10.3.1/../../../../arm-none-eabi/lib/thumb/v7e-m+fp/hard\libc_nano.a(lib_a-memcpy-stub.o)
 .ARM.attributes
                0x0000000000000586       0x34 c:/st/stm32cubeide_1.10.1/stm32cubeide/plugins/com.st.stm32cube.ide.mcu.externaltools.gnu-tools-for-stm32.10.3-2021.10.win32_1.0.0.202111181127/tools/bin/../lib/gcc/arm-none-eabi/10.3.1/../../../../arm-none-eabi/lib/thumb/v7e-m+fp/hard\libc_nano.a(lib_a-memmove.o)
 .ARM.attributes
                0x00000000000005ba       0x34 c:/st/stm32cubeide_1.10.1/stm32cubeide/plugins/com.st.stm32cube.ide.mcu.externaltools.gnu-tools-for-stm32.10.3-2021.10.win32_1.0.0.202111181127/tools/bin/../lib/gcc/arm-none-eabi/10.3.1/../../../../arm-none-eabi/lib/thumb/v7e-m+fp/hard\libc_nano.a(lib_a-nano-freer.o)
 .ARM.attributes
                0x00000000000005ee       0x34 c:/st/stm32cubeide_1.10.1/stm32cubeide/plugins/com.st.stm32cube.ide.mcu.externaltools.gnu-tools-for-stm32.10.3-2021.10.win32_1.0.0.202111181127/tools/bin/../lib/gcc/arm-none-eabi/10.3.1/../../../../arm-none-eabi/lib/thumb/v7e-m+fp/hard\libc_nano.a(lib_a-nano-mallocr.o)
 .ARM.attributes
                0x0000000000000622       0x34 c:/st/stm32cubeide_1.10.1/stm32cubeide/plugins/com.st.stm32cube.ide.mcu.externaltools.gnu-tools-for-stm32.10.3-2021.10.win32_1.0.0.202111181127/tools/bin/../lib/gcc/arm-none-eabi/10.3.1/../../../../arm-none-eabi/lib/thumb/v7e-m+fp/hard\libc_nano.a(lib_a-nano-reallocr.o)
 .ARM.attributes
                0x0000000000000656       0x34 c:/st/stm32cubeide_1.10.1/stm32cubeide/plugins/com.st.stm32cube.ide.mcu.externaltools.gnu-tools-for-stm32.10.3-2021.10.win32_1.0.0.202111181127/tools/bin/../lib/gcc/arm-none-eabi/10.3.1/../../../../arm-none-eabi/lib/thumb/v7e-m+fp/hard\libc_nano.a(lib_a-sbrkr.o)
 .ARM.attributes
                0x000000000000068a       0x34 c:/st/stm32cubeide_1.10.1/stm32cubeide/plugins/com.st.stm32cube.ide.mcu.externaltools.gnu-tools-for-stm32.10.3-2021.10.win32_1.0.0.202111181127/tools/bin/../lib/gcc/arm-none-eabi/10.3.1/../../../../arm-none-eabi/lib/thumb/v7e-m+fp/hard\libc_nano.a(lib_a-mlock.o)
 .ARM.attributes
                0x00000000000006be       0x34 c:/st/stm32cubeide_1.10.1/stm32cubeide/plugins/com.st.stm32cube.ide.mcu.externaltools.gnu-tools-for-stm32.10.3-2021.10.win32_1.0.0.202111181127/tools/bin/../lib/gcc/arm-none-eabi/10.3.1/../../../../arm-none-eabi/lib/thumb/v7e-m+fp/hard\libc_nano.a(lib_a-nano-msizer.o)
 .ARM.attributes
                0x00000000000006f2       0x34 c:/st/stm32cubeide_1.10.1/stm32cubeide/plugins/com.st.stm32cube.ide.mcu.externaltools.gnu-tools-for-stm32.10.3-2021.10.win32_1.0.0.202111181127/tools/bin/../lib/gcc/arm-none-eabi/10.3.1/../../../../arm-none-eabi/lib/thumb/v7e-m+fp/hard\libc_nano.a(lib_a-reent.o)
 .ARM.attributes
                0x0000000000000726       0x34 c:/st/stm32cubeide_1.10.1/stm32cubeide/plugins/com.st.stm32cube.ide.mcu.externaltools.gnu-tools-for-stm32.10.3-2021.10.win32_1.0.0.202111181127/tools/bin/../lib/gcc/arm-none-eabi/10.3.1/../../../../arm-none-eabi/lib/thumb/v7e-m+fp/hard\libc_nano.a(lib_a-lock.o)
 .ARM.attributes
                0x000000000000075a       0x1e c:/st/stm32cubeide_1.10.1/stm32cubeide/plugins/com.st.stm32cube.ide.mcu.externaltools.gnu-tools-for-stm32.10.3-2021.10.win32_1.0.0.202111181127/tools/bin/../lib/gcc/arm-none-eabi/10.3.1/thumb/v7e-m+fp/hard\libgcc.a(_aeabi_uldivmod.o)
 .ARM.attributes
                0x0000000000000778       0x34 c:/st/stm32cubeide_1.10.1/stm32cubeide/plugins/com.st.stm32cube.ide.mcu.externaltools.gnu-tools-for-stm32.10.3-2021.10.win32_1.0.0.202111181127/tools/bin/../lib/gcc/arm-none-eabi/10.3.1/thumb/v7e-m+fp/hard\libgcc.a(_udivmoddi4.o)
 .ARM.attributes
                0x00000000000007ac       0x1e c:/st/stm32cubeide_1.10.1/stm32cubeide/plugins/com.st.stm32cube.ide.mcu.externaltools.gnu-tools-for-stm32.10.3-2021.10.win32_1.0.0.202111181127/tools/bin/../lib/gcc/arm-none-eabi/10.3.1/thumb/v7e-m+fp/hard\libgcc.a(_dvmd_tls.o)
 .ARM.attributes
                0x00000000000007ca       0x1e c:/st/stm32cubeide_1.10.1/stm32cubeide/plugins/com.st.stm32cube.ide.mcu.externaltools.gnu-tools-for-stm32.10.3-2021.10.win32_1.0.0.202111181127/tools/bin/../lib/gcc/arm-none-eabi/10.3.1/thumb/v7e-m+fp/hard/crtn.o
OUTPUT(EX1_SEND_SMS.elf elf32-littlearm)
LOAD linker stubs
LOAD c:/st/stm32cubeide_1.10.1/stm32cubeide/plugins/com.st.stm32cube.ide.mcu.externaltools.gnu-tools-for-stm32.10.3-2021.10.win32_1.0.0.202111181127/tools/bin/../lib/gcc/arm-none-eabi/10.3.1/../../../../arm-none-eabi/lib/thumb/v7e-m+fp/hard\libc.a
LOAD c:/st/stm32cubeide_1.10.1/stm32cubeide/plugins/com.st.stm32cube.ide.mcu.externaltools.gnu-tools-for-stm32.10.3-2021.10.win32_1.0.0.202111181127/tools/bin/../lib/gcc/arm-none-eabi/10.3.1/../../../../arm-none-eabi/lib/thumb/v7e-m+fp/hard\libm.a
LOAD c:/st/stm32cubeide_1.10.1/stm32cubeide/plugins/com.st.stm32cube.ide.mcu.externaltools.gnu-tools-for-stm32.10.3-2021.10.win32_1.0.0.202111181127/tools/bin/../lib/gcc/arm-none-eabi/10.3.1/thumb/v7e-m+fp/hard\libgcc.a

.debug_info     0x0000000000000000     0xa0f9
 .debug_info    0x0000000000000000      0x2ff ./Drivers/API/Src/API_Debounce.o
 .debug_info    0x00000000000002ff      0x19c ./Drivers/API/Src/API_DelayNB.o
 .debug_info    0x000000000000049b      0x904 ./Drivers/BSP/STM32F4xx_BlackPill/Src/stm32f4xx_BlackPill.o
 .debug_info    0x0000000000000d9f      0x54f ./Drivers/CMSIS/system_stm32f4xx.o
 .debug_info    0x00000000000012ee      0x121 ./Drivers/Core/Src/stm32f4xx_it.o
 .debug_info    0x000000000000140f      0x171 ./Drivers/Core/Src/sysmem.o
 .debug_info    0x0000000000001580      0xd96 ./Drivers/SIM800x/Src/SIM800x.o
 .debug_info    0x0000000000002316      0xd99 ./Drivers/SIM800x/Src/port.o
 .debug_info    0x00000000000030af      0x90d ./Drivers/STM32F4xx_HAL_Driver/Src/stm32f4xx_hal.o
 .debug_info    0x00000000000039bc      0xd8b ./Drivers/STM32F4xx_HAL_Driver/Src/stm32f4xx_hal_cortex.o
 .debug_info    0x0000000000004747      0x78e ./Drivers/STM32F4xx_HAL_Driver/Src/stm32f4xx_hal_gpio.o
 .debug_info    0x0000000000004ed5      0x9c9 ./Drivers/STM32F4xx_HAL_Driver/Src/stm32f4xx_hal_msp.o
 .debug_info    0x000000000000589e      0x98d ./Drivers/STM32F4xx_HAL_Driver/Src/stm32f4xx_hal_rcc.o
 .debug_info    0x000000000000622b     0x31b4 ./Drivers/STM32F4xx_HAL_Driver/Src/stm32f4xx_hal_uart.o
 .debug_info    0x00000000000093df      0xcf8 ./Src/main.o
 .debug_info    0x000000000000a0d7       0x22 ./Startup/startup_stm32f411ceux.o

.debug_abbrev   0x0000000000000000     0x1c87
 .debug_abbrev  0x0000000000000000      0x138 ./Drivers/API/Src/API_Debounce.o
 .debug_abbrev  0x0000000000000138       0xf0 ./Drivers/API/Src/API_DelayNB.o
 .debug_abbrev  0x0000000000000228      0x1e6 ./Drivers/BSP/STM32F4xx_BlackPill/Src/stm32f4xx_BlackPill.o
 .debug_abbrev  0x000000000000040e      0x116 ./Drivers/CMSIS/system_stm32f4xx.o
 .debug_abbrev  0x0000000000000524       0x74 ./Drivers/Core/Src/stm32f4xx_it.o
 .debug_abbrev  0x0000000000000598       0xbb ./Drivers/Core/Src/sysmem.o
 .debug_abbrev  0x0000000000000653      0x29b ./Drivers/SIM800x/Src/SIM800x.o
 .debug_abbrev  0x00000000000008ee      0x26f ./Drivers/SIM800x/Src/port.o
 .debug_abbrev  0x0000000000000b5d      0x23e ./Drivers/STM32F4xx_HAL_Driver/Src/stm32f4xx_hal.o
 .debug_abbrev  0x0000000000000d9b      0x316 ./Drivers/STM32F4xx_HAL_Driver/Src/stm32f4xx_hal_cortex.o
 .debug_abbrev  0x00000000000010b1      0x1c4 ./Drivers/STM32F4xx_HAL_Driver/Src/stm32f4xx_hal_gpio.o
 .debug_abbrev  0x0000000000001275      0x19b ./Drivers/STM32F4xx_HAL_Driver/Src/stm32f4xx_hal_msp.o
 .debug_abbrev  0x0000000000001410      0x2aa ./Drivers/STM32F4xx_HAL_Driver/Src/stm32f4xx_hal_rcc.o
 .debug_abbrev  0x00000000000016ba      0x305 ./Drivers/STM32F4xx_HAL_Driver/Src/stm32f4xx_hal_uart.o
 .debug_abbrev  0x00000000000019bf      0x2b6 ./Src/main.o
 .debug_abbrev  0x0000000000001c75       0x12 ./Startup/startup_stm32f411ceux.o

.debug_aranges  0x0000000000000000      0x860
 .debug_aranges
                0x0000000000000000       0x58 ./Drivers/API/Src/API_Debounce.o
 .debug_aranges
                0x0000000000000058       0x30 ./Drivers/API/Src/API_DelayNB.o
 .debug_aranges
                0x0000000000000088       0x58 ./Drivers/BSP/STM32F4xx_BlackPill/Src/stm32f4xx_BlackPill.o
 .debug_aranges
                0x00000000000000e0       0x28 ./Drivers/CMSIS/system_stm32f4xx.o
 .debug_aranges
                0x0000000000000108       0x60 ./Drivers/Core/Src/stm32f4xx_it.o
 .debug_aranges
                0x0000000000000168       0x20 ./Drivers/Core/Src/sysmem.o
 .debug_aranges
                0x0000000000000188       0xe0 ./Drivers/SIM800x/Src/SIM800x.o
 .debug_aranges
                0x0000000000000268       0x70 ./Drivers/SIM800x/Src/port.o
 .debug_aranges
                0x00000000000002d8       0xf0 ./Drivers/STM32F4xx_HAL_Driver/Src/stm32f4xx_hal.o
 .debug_aranges
                0x00000000000003c8      0x118 ./Drivers/STM32F4xx_HAL_Driver/Src/stm32f4xx_hal_cortex.o
 .debug_aranges
                0x00000000000004e0       0x58 ./Drivers/STM32F4xx_HAL_Driver/Src/stm32f4xx_hal_gpio.o
 .debug_aranges
                0x0000000000000538       0x30 ./Drivers/STM32F4xx_HAL_Driver/Src/stm32f4xx_hal_msp.o
 .debug_aranges
                0x0000000000000568       0x88 ./Drivers/STM32F4xx_HAL_Driver/Src/stm32f4xx_hal_rcc.o
 .debug_aranges
                0x00000000000005f0      0x200 ./Drivers/STM32F4xx_HAL_Driver/Src/stm32f4xx_hal_uart.o
 .debug_aranges
                0x00000000000007f0       0x48 ./Src/main.o
 .debug_aranges
                0x0000000000000838       0x28 ./Startup/startup_stm32f411ceux.o

.debug_ranges   0x0000000000000000      0x798
 .debug_ranges  0x0000000000000000       0x48 ./Drivers/API/Src/API_Debounce.o
 .debug_ranges  0x0000000000000048       0x20 ./Drivers/API/Src/API_DelayNB.o
 .debug_ranges  0x0000000000000068       0x48 ./Drivers/BSP/STM32F4xx_BlackPill/Src/stm32f4xx_BlackPill.o
 .debug_ranges  0x00000000000000b0       0x18 ./Drivers/CMSIS/system_stm32f4xx.o
 .debug_ranges  0x00000000000000c8       0x50 ./Drivers/Core/Src/stm32f4xx_it.o
 .debug_ranges  0x0000000000000118       0x10 ./Drivers/Core/Src/sysmem.o
 .debug_ranges  0x0000000000000128       0xd0 ./Drivers/SIM800x/Src/SIM800x.o
 .debug_ranges  0x00000000000001f8       0x60 ./Drivers/SIM800x/Src/port.o
 .debug_ranges  0x0000000000000258       0xe0 ./Drivers/STM32F4xx_HAL_Driver/Src/stm32f4xx_hal.o
 .debug_ranges  0x0000000000000338      0x108 ./Drivers/STM32F4xx_HAL_Driver/Src/stm32f4xx_hal_cortex.o
 .debug_ranges  0x0000000000000440       0x48 ./Drivers/STM32F4xx_HAL_Driver/Src/stm32f4xx_hal_gpio.o
 .debug_ranges  0x0000000000000488       0x20 ./Drivers/STM32F4xx_HAL_Driver/Src/stm32f4xx_hal_msp.o
 .debug_ranges  0x00000000000004a8       0x78 ./Drivers/STM32F4xx_HAL_Driver/Src/stm32f4xx_hal_rcc.o
 .debug_ranges  0x0000000000000520      0x220 ./Drivers/STM32F4xx_HAL_Driver/Src/stm32f4xx_hal_uart.o
 .debug_ranges  0x0000000000000740       0x38 ./Src/main.o
 .debug_ranges  0x0000000000000778       0x20 ./Startup/startup_stm32f411ceux.o

.debug_macro    0x0000000000000000    0x15e98
 .debug_macro   0x0000000000000000      0x1fa ./Drivers/API/Src/API_Debounce.o
 .debug_macro   0x00000000000001fa      0xa78 ./Drivers/API/Src/API_Debounce.o
 .debug_macro   0x0000000000000c72       0x22 ./Drivers/API/Src/API_Debounce.o
 .debug_macro   0x0000000000000c94       0x8e ./Drivers/API/Src/API_Debounce.o
 .debug_macro   0x0000000000000d22       0x51 ./Drivers/API/Src/API_Debounce.o
 .debug_macro   0x0000000000000d73      0x103 ./Drivers/API/Src/API_Debounce.o
 .debug_macro   0x0000000000000e76       0x6a ./Drivers/API/Src/API_Debounce.o
 .debug_macro   0x0000000000000ee0      0x1df ./Drivers/API/Src/API_Debounce.o
 .debug_macro   0x00000000000010bf      0x295 ./Drivers/API/Src/API_Debounce.o
 .debug_macro   0x0000000000001354       0x2e ./Drivers/API/Src/API_Debounce.o
 .debug_macro   0x0000000000001382       0x28 ./Drivers/API/Src/API_Debounce.o
 .debug_macro   0x00000000000013aa       0x1c ./Drivers/API/Src/API_Debounce.o
 .debug_macro   0x00000000000013c6       0x22 ./Drivers/API/Src/API_Debounce.o
 .debug_macro   0x00000000000013e8       0xd9 ./Drivers/API/Src/API_Debounce.o
 .debug_macro   0x00000000000014c1     0x102d ./Drivers/API/Src/API_Debounce.o
 .debug_macro   0x00000000000024ee      0x11f ./Drivers/API/Src/API_Debounce.o
 .debug_macro   0x000000000000260d     0xb953 ./Drivers/API/Src/API_Debounce.o
 .debug_macro   0x000000000000df60       0x6d ./Drivers/API/Src/API_Debounce.o
 .debug_macro   0x000000000000dfcd     0x367e ./Drivers/API/Src/API_Debounce.o
 .debug_macro   0x000000000001164b      0x174 ./Drivers/API/Src/API_Debounce.o
 .debug_macro   0x00000000000117bf       0x5c ./Drivers/API/Src/API_Debounce.o
 .debug_macro   0x000000000001181b      0x447 ./Drivers/API/Src/API_Debounce.o
 .debug_macro   0x0000000000011c62      0x9fe ./Drivers/API/Src/API_Debounce.o
 .debug_macro   0x0000000000012660      0x115 ./Drivers/API/Src/API_Debounce.o
 .debug_macro   0x0000000000012775      0x11b ./Drivers/API/Src/API_Debounce.o
 .debug_macro   0x0000000000012890       0xa5 ./Drivers/API/Src/API_Debounce.o
 .debug_macro   0x0000000000012935      0x15f ./Drivers/API/Src/API_Debounce.o
 .debug_macro   0x0000000000012a94      0x287 ./Drivers/API/Src/API_Debounce.o
 .debug_macro   0x0000000000012d1b       0x5f ./Drivers/API/Src/API_Debounce.o
 .debug_macro   0x0000000000012d7a      0x236 ./Drivers/API/Src/API_Debounce.o
 .debug_macro   0x0000000000012fb0      0x132 ./Drivers/API/Src/API_Debounce.o
 .debug_macro   0x00000000000130e2      0x264 ./Drivers/API/Src/API_Debounce.o
 .debug_macro   0x0000000000013346       0x2e ./Drivers/API/Src/API_Debounce.o
 .debug_macro   0x0000000000013374      0x11a ./Drivers/API/Src/API_Debounce.o
 .debug_macro   0x000000000001348e       0x85 ./Drivers/API/Src/API_Debounce.o
 .debug_macro   0x0000000000013513       0x89 ./Drivers/API/Src/API_Debounce.o
 .debug_macro   0x000000000001359c      0x295 ./Drivers/API/Src/API_Debounce.o
 .debug_macro   0x0000000000013831      0x126 ./Drivers/API/Src/API_Debounce.o
 .debug_macro   0x0000000000013957       0x52 ./Drivers/API/Src/API_Debounce.o
 .debug_macro   0x00000000000139a9       0x22 ./Drivers/API/Src/API_Debounce.o
 .debug_macro   0x00000000000139cb      0x1d7 ./Drivers/API/Src/API_DelayNB.o
 .debug_macro   0x0000000000013ba2      0x1c9 ./Drivers/BSP/STM32F4xx_BlackPill/Src/stm32f4xx_BlackPill.o
 .debug_macro   0x0000000000013d6b       0x4c ./Drivers/BSP/STM32F4xx_BlackPill/Src/stm32f4xx_BlackPill.o
 .debug_macro   0x0000000000013db7      0x1ba ./Drivers/CMSIS/system_stm32f4xx.o
 .debug_macro   0x0000000000013f71      0x1d7 ./Drivers/Core/Src/stm32f4xx_it.o
 .debug_macro   0x0000000000014148       0xff ./Drivers/Core/Src/sysmem.o
 .debug_macro   0x0000000000014247      0x23b ./Drivers/Core/Src/sysmem.o
 .debug_macro   0x0000000000014482      0x36e ./Drivers/SIM800x/Src/SIM800x.o
 .debug_macro   0x00000000000147f0       0x16 ./Drivers/SIM800x/Src/SIM800x.o
 .debug_macro   0x0000000000014806       0x97 ./Drivers/SIM800x/Src/SIM800x.o
 .debug_macro   0x000000000001489d       0xfd ./Drivers/SIM800x/Src/SIM800x.o
 .debug_macro   0x000000000001499a       0x16 ./Drivers/SIM800x/Src/SIM800x.o
 .debug_macro   0x00000000000149b0       0x20 ./Drivers/SIM800x/Src/SIM800x.o
 .debug_macro   0x00000000000149d0       0x56 ./Drivers/SIM800x/Src/SIM800x.o
 .debug_macro   0x0000000000014a26       0x8e ./Drivers/SIM800x/Src/SIM800x.o
 .debug_macro   0x0000000000014ab4      0x172 ./Drivers/SIM800x/Src/SIM800x.o
 .debug_macro   0x0000000000014c26      0x35f ./Drivers/SIM800x/Src/port.o
 .debug_macro   0x0000000000014f85      0x21a ./Drivers/STM32F4xx_HAL_Driver/Src/stm32f4xx_hal.o
 .debug_macro   0x000000000001519f      0x1ba ./Drivers/STM32F4xx_HAL_Driver/Src/stm32f4xx_hal_cortex.o
 .debug_macro   0x0000000000015359      0x1c0 ./Drivers/STM32F4xx_HAL_Driver/Src/stm32f4xx_hal_gpio.o
 .debug_macro   0x0000000000015519      0x1cd ./Drivers/STM32F4xx_HAL_Driver/Src/stm32f4xx_hal_msp.o
 .debug_macro   0x00000000000156e6      0x1de ./Drivers/STM32F4xx_HAL_Driver/Src/stm32f4xx_hal_rcc.o
 .debug_macro   0x00000000000158c4      0x1bb ./Drivers/STM32F4xx_HAL_Driver/Src/stm32f4xx_hal_uart.o
 .debug_macro   0x0000000000015a7f      0x3c7 ./Src/main.o
 .debug_macro   0x0000000000015e46       0x52 ./Src/main.o

.debug_line     0x0000000000000000     0xaf33
 .debug_line    0x0000000000000000      0x89a ./Drivers/API/Src/API_Debounce.o
 .debug_line    0x000000000000089a      0x749 ./Drivers/API/Src/API_DelayNB.o
 .debug_line    0x0000000000000fe3      0x7fd ./Drivers/BSP/STM32F4xx_BlackPill/Src/stm32f4xx_BlackPill.o
 .debug_line    0x00000000000017e0      0x72a ./Drivers/CMSIS/system_stm32f4xx.o
 .debug_line    0x0000000000001f0a      0x7d7 ./Drivers/Core/Src/stm32f4xx_it.o
 .debug_line    0x00000000000026e1      0x4f2 ./Drivers/Core/Src/sysmem.o
 .debug_line    0x0000000000002bd3      0xdce ./Drivers/SIM800x/Src/SIM800x.o
 .debug_line    0x00000000000039a1      0xacb ./Drivers/SIM800x/Src/port.o
 .debug_line    0x000000000000446c      0x98b ./Drivers/STM32F4xx_HAL_Driver/Src/stm32f4xx_hal.o
 .debug_line    0x0000000000004df7      0xc3a ./Drivers/STM32F4xx_HAL_Driver/Src/stm32f4xx_hal_cortex.o
 .debug_line    0x0000000000005a31      0xac3 ./Drivers/STM32F4xx_HAL_Driver/Src/stm32f4xx_hal_gpio.o
 .debug_line    0x00000000000064f4      0x7a3 ./Drivers/STM32F4xx_HAL_Driver/Src/stm32f4xx_hal_msp.o
 .debug_line    0x0000000000006c97      0xd05 ./Drivers/STM32F4xx_HAL_Driver/Src/stm32f4xx_hal_rcc.o
 .debug_line    0x000000000000799c     0x2a30 ./Drivers/STM32F4xx_HAL_Driver/Src/stm32f4xx_hal_uart.o
 .debug_line    0x000000000000a3cc      0xae4 ./Src/main.o
 .debug_line    0x000000000000aeb0       0x83 ./Startup/startup_stm32f411ceux.o

.debug_str      0x0000000000000000    0x86c8a
 .debug_str     0x0000000000000000    0x7fa22 ./Drivers/API/Src/API_Debounce.o
                                      0x7fc99 (size before relaxing)
 .debug_str     0x000000000007fa22       0x48 ./Drivers/API/Src/API_DelayNB.o
                                      0x7f936 (size before relaxing)
 .debug_str     0x000000000007fa6a      0x6c8 ./Drivers/BSP/STM32F4xx_BlackPill/Src/stm32f4xx_BlackPill.o
                                      0x80177 (size before relaxing)
 .debug_str     0x0000000000080132       0xe0 ./Drivers/CMSIS/system_stm32f4xx.o
                                      0x7fa35 (size before relaxing)
 .debug_str     0x0000000000080212       0xd1 ./Drivers/Core/Src/stm32f4xx_it.o
                                      0x7fad2 (size before relaxing)
 .debug_str     0x00000000000802e3     0x1e88 ./Drivers/Core/Src/sysmem.o
                                       0x5d96 (size before relaxing)
 .debug_str     0x000000000008216b     0x34b3 ./Drivers/SIM800x/Src/SIM800x.o
                                      0x8477f (size before relaxing)
 .debug_str     0x000000000008561e      0x125 ./Drivers/SIM800x/Src/port.o
                                      0x84103 (size before relaxing)
 .debug_str     0x0000000000085743      0x616 ./Drivers/STM32F4xx_HAL_Driver/Src/stm32f4xx_hal.o
                                      0x8045c (size before relaxing)
 .debug_str     0x0000000000085d59      0x326 ./Drivers/STM32F4xx_HAL_Driver/Src/stm32f4xx_hal_cortex.o
                                      0x8017d (size before relaxing)
 .debug_str     0x000000000008607f       0xfd ./Drivers/STM32F4xx_HAL_Driver/Src/stm32f4xx_hal_gpio.o
                                      0x7fbab (size before relaxing)
 .debug_str     0x000000000008617c       0x62 ./Drivers/STM32F4xx_HAL_Driver/Src/stm32f4xx_hal_msp.o
                                      0x80065 (size before relaxing)
 .debug_str     0x00000000000861de      0x36e ./Drivers/STM32F4xx_HAL_Driver/Src/stm32f4xx_hal_rcc.o
                                      0x7fe64 (size before relaxing)
 .debug_str     0x000000000008654c      0x62c ./Drivers/STM32F4xx_HAL_Driver/Src/stm32f4xx_hal_uart.o
                                      0x803f1 (size before relaxing)
 .debug_str     0x0000000000086b78       0xe1 ./Src/main.o
                                      0x849a5 (size before relaxing)
 .debug_str     0x0000000000086c59       0x31 ./Startup/startup_stm32f411ceux.o
                                         0x4b (size before relaxing)

.comment        0x0000000000000000       0x50
 .comment       0x0000000000000000       0x50 ./Drivers/API/Src/API_Debounce.o
                                         0x51 (size before relaxing)
 .comment       0x0000000000000050       0x51 ./Drivers/API/Src/API_DelayNB.o
 .comment       0x0000000000000050       0x51 ./Drivers/BSP/STM32F4xx_BlackPill/Src/stm32f4xx_BlackPill.o
 .comment       0x0000000000000050       0x51 ./Drivers/CMSIS/system_stm32f4xx.o
 .comment       0x0000000000000050       0x51 ./Drivers/Core/Src/stm32f4xx_it.o
 .comment       0x0000000000000050       0x51 ./Drivers/Core/Src/sysmem.o
 .comment       0x0000000000000050       0x51 ./Drivers/SIM800x/Src/SIM800x.o
 .comment       0x0000000000000050       0x51 ./Drivers/SIM800x/Src/port.o
 .comment       0x0000000000000050       0x51 ./Drivers/STM32F4xx_HAL_Driver/Src/stm32f4xx_hal.o
 .comment       0x0000000000000050       0x51 ./Drivers/STM32F4xx_HAL_Driver/Src/stm32f4xx_hal_cortex.o
 .comment       0x0000000000000050       0x51 ./Drivers/STM32F4xx_HAL_Driver/Src/stm32f4xx_hal_gpio.o
 .comment       0x0000000000000050       0x51 ./Drivers/STM32F4xx_HAL_Driver/Src/stm32f4xx_hal_msp.o
 .comment       0x0000000000000050       0x51 ./Drivers/STM32F4xx_HAL_Driver/Src/stm32f4xx_hal_rcc.o
 .comment       0x0000000000000050       0x51 ./Drivers/STM32F4xx_HAL_Driver/Src/stm32f4xx_hal_uart.o
 .comment       0x0000000000000050       0x51 ./Src/main.o

.debug_frame    0x0000000000000000     0x2400
 .debug_frame   0x0000000000000000      0x11c ./Drivers/API/Src/API_Debounce.o
 .debug_frame   0x000000000000011c       0x84 ./Drivers/API/Src/API_DelayNB.o
 .debug_frame   0x00000000000001a0      0x130 ./Drivers/BSP/STM32F4xx_BlackPill/Src/stm32f4xx_BlackPill.o
 .debug_frame   0x00000000000002d0       0x58 ./Drivers/CMSIS/system_stm32f4xx.o
 .debug_frame   0x0000000000000328      0x104 ./Drivers/Core/Src/stm32f4xx_it.o
 .debug_frame   0x000000000000042c       0x34 ./Drivers/Core/Src/sysmem.o
 .debug_frame   0x0000000000000460      0x388 ./Drivers/SIM800x/Src/SIM800x.o
 .debug_frame   0x00000000000007e8      0x16c ./Drivers/SIM800x/Src/port.o
 .debug_frame   0x0000000000000954      0x374 ./Drivers/STM32F4xx_HAL_Driver/Src/stm32f4xx_hal.o
 .debug_frame   0x0000000000000cc8      0x498 ./Drivers/STM32F4xx_HAL_Driver/Src/stm32f4xx_hal_cortex.o
 .debug_frame   0x0000000000001160      0x14c ./Drivers/STM32F4xx_HAL_Driver/Src/stm32f4xx_hal_gpio.o
 .debug_frame   0x00000000000012ac       0x80 ./Drivers/STM32F4xx_HAL_Driver/Src/stm32f4xx_hal_msp.o
 .debug_frame   0x000000000000132c      0x1f4 ./Drivers/STM32F4xx_HAL_Driver/Src/stm32f4xx_hal_rcc.o
 .debug_frame   0x0000000000001520      0x92c ./Drivers/STM32F4xx_HAL_Driver/Src/stm32f4xx_hal_uart.o
 .debug_frame   0x0000000000001e4c       0xc8 ./Src/main.o
 .debug_frame   0x0000000000001f14       0x20 c:/st/stm32cubeide_1.10.1/stm32cubeide/plugins/com.st.stm32cube.ide.mcu.externaltools.gnu-tools-for-stm32.10.3-2021.10.win32_1.0.0.202111181127/tools/bin/../lib/gcc/arm-none-eabi/10.3.1/../../../../arm-none-eabi/lib/thumb/v7e-m+fp/hard\libc_nano.a(lib_a-errno.o)
 .debug_frame   0x0000000000001f34       0x2c c:/st/stm32cubeide_1.10.1/stm32cubeide/plugins/com.st.stm32cube.ide.mcu.externaltools.gnu-tools-for-stm32.10.3-2021.10.win32_1.0.0.202111181127/tools/bin/../lib/gcc/arm-none-eabi/10.3.1/../../../../arm-none-eabi/lib/thumb/v7e-m+fp/hard\libc_nano.a(lib_a-init.o)
 .debug_frame   0x0000000000001f60       0x20 c:/st/stm32cubeide_1.10.1/stm32cubeide/plugins/com.st.stm32cube.ide.mcu.externaltools.gnu-tools-for-stm32.10.3-2021.10.win32_1.0.0.202111181127/tools/bin/../lib/gcc/arm-none-eabi/10.3.1/../../../../arm-none-eabi/lib/thumb/v7e-m+fp/hard\libc_nano.a(lib_a-memset.o)
 .debug_frame   0x0000000000001f80       0x6c c:/st/stm32cubeide_1.10.1/stm32cubeide/plugins/com.st.stm32cube.ide.mcu.externaltools.gnu-tools-for-stm32.10.3-2021.10.win32_1.0.0.202111181127/tools/bin/../lib/gcc/arm-none-eabi/10.3.1/../../../../arm-none-eabi/lib/thumb/v7e-m+fp/hard\libc_nano.a(lib_a-sprintf.o)
 .debug_frame   0x0000000000001fec       0x2c c:/st/stm32cubeide_1.10.1/stm32cubeide/plugins/com.st.stm32cube.ide.mcu.externaltools.gnu-tools-for-stm32.10.3-2021.10.win32_1.0.0.202111181127/tools/bin/../lib/gcc/arm-none-eabi/10.3.1/../../../../arm-none-eabi/lib/thumb/v7e-m+fp/hard\libc_nano.a(lib_a-strstr.o)
 .debug_frame   0x0000000000002018       0x90 c:/st/stm32cubeide_1.10.1/stm32cubeide/plugins/com.st.stm32cube.ide.mcu.externaltools.gnu-tools-for-stm32.10.3-2021.10.win32_1.0.0.202111181127/tools/bin/../lib/gcc/arm-none-eabi/10.3.1/../../../../arm-none-eabi/lib/thumb/v7e-m+fp/hard\libc_nano.a(lib_a-nano-svfprintf.o)
 .debug_frame   0x00000000000020a8       0x60 c:/st/stm32cubeide_1.10.1/stm32cubeide/plugins/com.st.stm32cube.ide.mcu.externaltools.gnu-tools-for-stm32.10.3-2021.10.win32_1.0.0.202111181127/tools/bin/../lib/gcc/arm-none-eabi/10.3.1/../../../../arm-none-eabi/lib/thumb/v7e-m+fp/hard\libc_nano.a(lib_a-nano-vfprintf_i.o)
 .debug_frame   0x0000000000002108       0x28 c:/st/stm32cubeide_1.10.1/stm32cubeide/plugins/com.st.stm32cube.ide.mcu.externaltools.gnu-tools-for-stm32.10.3-2021.10.win32_1.0.0.202111181127/tools/bin/../lib/gcc/arm-none-eabi/10.3.1/../../../../arm-none-eabi/lib/thumb/v7e-m+fp/hard\libc_nano.a(lib_a-memcpy-stub.o)
 .debug_frame   0x0000000000002130       0x28 c:/st/stm32cubeide_1.10.1/stm32cubeide/plugins/com.st.stm32cube.ide.mcu.externaltools.gnu-tools-for-stm32.10.3-2021.10.win32_1.0.0.202111181127/tools/bin/../lib/gcc/arm-none-eabi/10.3.1/../../../../arm-none-eabi/lib/thumb/v7e-m+fp/hard\libc_nano.a(lib_a-memmove.o)
 .debug_frame   0x0000000000002158       0x38 c:/st/stm32cubeide_1.10.1/stm32cubeide/plugins/com.st.stm32cube.ide.mcu.externaltools.gnu-tools-for-stm32.10.3-2021.10.win32_1.0.0.202111181127/tools/bin/../lib/gcc/arm-none-eabi/10.3.1/../../../../arm-none-eabi/lib/thumb/v7e-m+fp/hard\libc_nano.a(lib_a-nano-freer.o)
 .debug_frame   0x0000000000002190       0x4c c:/st/stm32cubeide_1.10.1/stm32cubeide/plugins/com.st.stm32cube.ide.mcu.externaltools.gnu-tools-for-stm32.10.3-2021.10.win32_1.0.0.202111181127/tools/bin/../lib/gcc/arm-none-eabi/10.3.1/../../../../arm-none-eabi/lib/thumb/v7e-m+fp/hard\libc_nano.a(lib_a-nano-mallocr.o)
 .debug_frame   0x00000000000021dc       0x3c c:/st/stm32cubeide_1.10.1/stm32cubeide/plugins/com.st.stm32cube.ide.mcu.externaltools.gnu-tools-for-stm32.10.3-2021.10.win32_1.0.0.202111181127/tools/bin/../lib/gcc/arm-none-eabi/10.3.1/../../../../arm-none-eabi/lib/thumb/v7e-m+fp/hard\libc_nano.a(lib_a-nano-reallocr.o)
 .debug_frame   0x0000000000002218       0x2c c:/st/stm32cubeide_1.10.1/stm32cubeide/plugins/com.st.stm32cube.ide.mcu.externaltools.gnu-tools-for-stm32.10.3-2021.10.win32_1.0.0.202111181127/tools/bin/../lib/gcc/arm-none-eabi/10.3.1/../../../../arm-none-eabi/lib/thumb/v7e-m+fp/hard\libc_nano.a(lib_a-sbrkr.o)
 .debug_frame   0x0000000000002244       0x30 c:/st/stm32cubeide_1.10.1/stm32cubeide/plugins/com.st.stm32cube.ide.mcu.externaltools.gnu-tools-for-stm32.10.3-2021.10.win32_1.0.0.202111181127/tools/bin/../lib/gcc/arm-none-eabi/10.3.1/../../../../arm-none-eabi/lib/thumb/v7e-m+fp/hard\libc_nano.a(lib_a-mlock.o)
 .debug_frame   0x0000000000002274       0x20 c:/st/stm32cubeide_1.10.1/stm32cubeide/plugins/com.st.stm32cube.ide.mcu.externaltools.gnu-tools-for-stm32.10.3-2021.10.win32_1.0.0.202111181127/tools/bin/../lib/gcc/arm-none-eabi/10.3.1/../../../../arm-none-eabi/lib/thumb/v7e-m+fp/hard\libc_nano.a(lib_a-nano-msizer.o)
 .debug_frame   0x0000000000002294       0x5c c:/st/stm32cubeide_1.10.1/stm32cubeide/plugins/com.st.stm32cube.ide.mcu.externaltools.gnu-tools-for-stm32.10.3-2021.10.win32_1.0.0.202111181127/tools/bin/../lib/gcc/arm-none-eabi/10.3.1/../../../../arm-none-eabi/lib/thumb/v7e-m+fp/hard\libc_nano.a(lib_a-reent.o)
 .debug_frame   0x00000000000022f0       0xb0 c:/st/stm32cubeide_1.10.1/stm32cubeide/plugins/com.st.stm32cube.ide.mcu.externaltools.gnu-tools-for-stm32.10.3-2021.10.win32_1.0.0.202111181127/tools/bin/../lib/gcc/arm-none-eabi/10.3.1/../../../../arm-none-eabi/lib/thumb/v7e-m+fp/hard\libc_nano.a(lib_a-lock.o)
 .debug_frame   0x00000000000023a0       0x2c c:/st/stm32cubeide_1.10.1/stm32cubeide/plugins/com.st.stm32cube.ide.mcu.externaltools.gnu-tools-for-stm32.10.3-2021.10.win32_1.0.0.202111181127/tools/bin/../lib/gcc/arm-none-eabi/10.3.1/thumb/v7e-m+fp/hard\libgcc.a(_aeabi_uldivmod.o)
 .debug_frame   0x00000000000023cc       0x34 c:/st/stm32cubeide_1.10.1/stm32cubeide/plugins/com.st.stm32cube.ide.mcu.externaltools.gnu-tools-for-stm32.10.3-2021.10.win32_1.0.0.202111181127/tools/bin/../lib/gcc/arm-none-eabi/10.3.1/thumb/v7e-m+fp/hard\libgcc.a(_udivmoddi4.o)
